<html>
<body>
<pre>
<h1>礦ision Build Log</h1>
<h2>Tool Versions:</h2>
IDE-Version: μVision V5.25.3.0
Copyright (C) 2018 ARM Ltd and ARM Germany GmbH. All rights reserved.
License Information: LPL LPL, LPL, LIC=TA3VE-56GUR-NR4XL-0076K-R67JC-LNQJ2
 
Tool Versions:
Toolchain:       MDK-ARM Professional  Version: 5.18
Toolchain Path:  F:\KEIL5 MDK\ARM\ARMCC\Bin
C Compiler:      Armcc.exe V5.06 update 1 (build 61)
Assembler:       Armasm.exe V5.06 update 1 (build 61)
Linker/Locator:  ArmLink.exe V5.06 update 1 (build 61)
Library Manager: ArmAr.exe V5.06 update 1 (build 61)
Hex Converter:   FromElf.exe V5.06 update 1 (build 61)
CPU DLL:         SARMCM3.DLL V5.18
Dialog DLL:      DCM.DLL V1.13.6.0
Target DLL:      STLink\ST-LINKIII-KEIL_SWO.dll V2.0.18.0
Dialog DLL:      TCM.DLL V1.14.8.0
 
<h2>Project:</h2>
D:\Keil5 Projects\STM32F103C8T6-小车\Template.uvprojx
Project File Date:  04/03/2021

<h2>Output:</h2>
*** Using Compiler 'V5.06 update 1 (build 61)', folder: 'F:\KEIL5 MDK\ARM\ARMCC\Bin'
Rebuild target 'Target 1'
assembling startup_stm32f10x_hd.s...
compiling core_cm3.c...
compiling main.c...
User\main.c(34): warning:  #167-D: argument of type "char *" is incompatible with parameter of type "unsigned char *"
  	UART2_Put_String(UNLOCK);
User\main.c(36): warning:  #167-D: argument of type "char *" is incompatible with parameter of type "unsigned char *"
  	UART2_Put_String(SETALG6);
User\main.c(38): warning:  #167-D: argument of type "char *" is incompatible with parameter of type "unsigned char *"
  	UART2_Put_String(OPENAUTOGYRO);
User\main.c(40): warning:  #167-D: argument of type "char *" is incompatible with parameter of type "unsigned char *"
  	UART2_Put_String(ZTOZERO);
User\main.c(56): warning:  #167-D: argument of type "char *" is incompatible with parameter of type "unsigned char *"
  			UART2_Put_String(ACCCALSW);delay_ms(100);//?却?模???诓??远?校准?茫?模???诓炕??远?????要一定??时??
User\main.c(57): warning:  #167-D: argument of type "char *" is incompatible with parameter of type "unsigned char *"
  			UART2_Put_String(SAVACALSW);delay_ms(100);//保?娴?前????
User\main.c(20): warning:  #177-D: variable "j" was declared but never referenced
  	u8 j;
User\main.c: 7 warnings, 0 errors
compiling stm32f10x_gpio.c...
compiling stm32f10x_it.c...
compiling misc.c...
compiling stm32f10x_rcc.c...
compiling system_stm32f10x.c...
compiling stm32f10x_usart.c...
compiling stm32f10x_exti.c...
compiling stm32f10x_flash.c...
compiling usart.c...
compiling stm32f10x_tim.c...
compiling led.c...
compiling motor.c...
APP\motor\motor.c(211): warning:  #223-D: function "printf" declared implicitly
  	printf("SPEED-hper: %d\r\n",tim3_hper);
APP\motor\motor.c: 1 warning, 0 errors
compiling servo.c...
compiling JY901.c...
compiling stm32_flash.c...
compiling system.c...
compiling SysTick.c...
compiling pidyaw.c...
compiling pid.c...
linking...
Program Size: Code=10368 RO-data=336 RW-data=184 ZI-data=2880  
FromELF: creating hex file...
".\Obj\Template.axf" - 0 Error(s), 8 Warning(s).

<h2>Software Packages used:</h2>

Package Vendor: Keil
                http://www.keil.com/pack/Keil.STM32F1xx_DFP.1.0.5.pack
                Keil.STM32F1xx_DFP.1.0.5
                STMicroelectronics STM32F1 Series Device Support, Drivers and Examples

<h2>Collection of Component include folders:</h2>
  .\RTE\_Target_1
  F:\KEIL5 MDK\ARM\PACK\Keil\STM32F1xx_DFP\1.0.5\Device\Include

<h2>Collection of Component Files used:</h2>
Build Time Elapsed:  00:00:02
</pre>
</body>
</html>
