Component: ARM Compiler 5.06 update 1 (build 61) Tool: armlink [4d35a8]

==============================================================================

Section Cross References

    main.o(i.main) refers to systick.o(i.SysTick_Init) for SysTick_Init
    main.o(i.main) refers to misc.o(i.NVIC_PriorityGroupConfig) for NVIC_PriorityGroupConfig
    main.o(i.main) refers to servo.o(i.servoInit) for servoInit
    main.o(i.main) refers to motor.o(i.motorInit) for motorInit
    main.o(i.main) refers to pidyaw.o(i.yawPID_Init) for yawPID_Init
    main.o(i.main) refers to led.o(i.LED_Init) for LED_Init
    main.o(i.main) refers to usart.o(i.USART2_Init) for USART2_Init
    main.o(i.main) refers to systick.o(i.delay_ms) for delay_ms
    main.o(i.main) refers to usart.o(i.UART2_Put_String) for UART2_Put_String
    main.o(i.main) refers to dma.o(i.DMA1_USARTX_Init) for DMA1_USARTX_Init
    main.o(i.main) refers to usart.o(i.USART3_Init) for USART3_Init
    main.o(i.main) refers to esp8266.o(i.ESP8266_Init) for ESP8266_Init
    main.o(i.main) refers to esp8266.o(i.Start_Station) for Start_Station
    main.o(i.main) refers to fflti.o(.text) for __aeabi_i2f
    main.o(i.main) refers to fdiv.o(.text) for __aeabi_fdiv
    main.o(i.main) refers to fmul.o(.text) for __aeabi_fmul
    main.o(i.main) refers to pidyaw.o(i.PID_changeAngle) for PID_changeAngle
    main.o(i.main) refers to esp8266.o(i.AT_CIPSTART) for AT_CIPSTART
    main.o(i.main) refers to esp8266.o(i.AT_CIPSEND) for AT_CIPSEND
    main.o(i.main) refers to esp8266.o(i.Turn_AP) for Turn_AP
    main.o(i.main) refers to jy901.o(.data) for UNLOCK
    main.o(i.main) refers to usart.o(.data) for YawTarget
    main.o(i.main) refers to esp8266.o(.data) for CUT_CONNECT_STATION
    startup_stm32f10x_hd.o(RESET) refers to startup_stm32f10x_hd.o(STACK) for __initial_sp
    startup_stm32f10x_hd.o(RESET) refers to startup_stm32f10x_hd.o(.text) for Reset_Handler
    startup_stm32f10x_hd.o(RESET) refers to stm32f10x_it.o(i.NMI_Handler) for NMI_Handler
    startup_stm32f10x_hd.o(RESET) refers to stm32f10x_it.o(i.HardFault_Handler) for HardFault_Handler
    startup_stm32f10x_hd.o(RESET) refers to stm32f10x_it.o(i.MemManage_Handler) for MemManage_Handler
    startup_stm32f10x_hd.o(RESET) refers to stm32f10x_it.o(i.BusFault_Handler) for BusFault_Handler
    startup_stm32f10x_hd.o(RESET) refers to stm32f10x_it.o(i.UsageFault_Handler) for UsageFault_Handler
    startup_stm32f10x_hd.o(RESET) refers to stm32f10x_it.o(i.SVC_Handler) for SVC_Handler
    startup_stm32f10x_hd.o(RESET) refers to stm32f10x_it.o(i.DebugMon_Handler) for DebugMon_Handler
    startup_stm32f10x_hd.o(RESET) refers to stm32f10x_it.o(i.PendSV_Handler) for PendSV_Handler
    startup_stm32f10x_hd.o(RESET) refers to stm32f10x_it.o(i.SysTick_Handler) for SysTick_Handler
    startup_stm32f10x_hd.o(RESET) refers to pidyaw.o(i.TIM2_IRQHandler) for TIM2_IRQHandler
    startup_stm32f10x_hd.o(RESET) refers to motor.o(i.TIM3_IRQHandler) for TIM3_IRQHandler
    startup_stm32f10x_hd.o(RESET) refers to servo.o(i.TIM4_IRQHandler) for TIM4_IRQHandler
    startup_stm32f10x_hd.o(RESET) refers to usart.o(i.USART1_IRQHandler) for USART1_IRQHandler
    startup_stm32f10x_hd.o(RESET) refers to usart.o(i.USART2_IRQHandler) for USART2_IRQHandler
    startup_stm32f10x_hd.o(RESET) refers to dma.o(i.USART3_IRQHandler) for USART3_IRQHandler
    startup_stm32f10x_hd.o(.text) refers to system_stm32f10x.o(i.SystemInit) for SystemInit
    startup_stm32f10x_hd.o(.text) refers to entry.o(.ARM.Collect$$$$00000000) for __main
    stm32f10x_gpio.o(i.GPIO_AFIODeInit) refers to stm32f10x_rcc.o(i.RCC_APB2PeriphResetCmd) for RCC_APB2PeriphResetCmd
    stm32f10x_gpio.o(i.GPIO_DeInit) refers to stm32f10x_rcc.o(i.RCC_APB2PeriphResetCmd) for RCC_APB2PeriphResetCmd
    stm32f10x_rcc.o(i.RCC_GetClocksFreq) refers to stm32f10x_rcc.o(.data) for APBAHBPrescTable
    stm32f10x_rcc.o(i.RCC_WaitForHSEStartUp) refers to stm32f10x_rcc.o(i.RCC_GetFlagStatus) for RCC_GetFlagStatus
    stm32f10x_tim.o(i.TIM_DeInit) refers to stm32f10x_rcc.o(i.RCC_APB2PeriphResetCmd) for RCC_APB2PeriphResetCmd
    stm32f10x_tim.o(i.TIM_DeInit) refers to stm32f10x_rcc.o(i.RCC_APB1PeriphResetCmd) for RCC_APB1PeriphResetCmd
    stm32f10x_tim.o(i.TIM_ETRClockMode1Config) refers to stm32f10x_tim.o(i.TIM_ETRConfig) for TIM_ETRConfig
    stm32f10x_tim.o(i.TIM_ETRClockMode2Config) refers to stm32f10x_tim.o(i.TIM_ETRConfig) for TIM_ETRConfig
    stm32f10x_tim.o(i.TIM_ICInit) refers to stm32f10x_tim.o(i.TI1_Config) for TI1_Config
    stm32f10x_tim.o(i.TIM_ICInit) refers to stm32f10x_tim.o(i.TIM_SetIC1Prescaler) for TIM_SetIC1Prescaler
    stm32f10x_tim.o(i.TIM_ICInit) refers to stm32f10x_tim.o(i.TI2_Config) for TI2_Config
    stm32f10x_tim.o(i.TIM_ICInit) refers to stm32f10x_tim.o(i.TIM_SetIC2Prescaler) for TIM_SetIC2Prescaler
    stm32f10x_tim.o(i.TIM_ICInit) refers to stm32f10x_tim.o(i.TI3_Config) for TI3_Config
[...]
    entry2.o(__vectab_stack_and_reset_area) refers to startup_stm32f10x_hd.o(STACK) for __initial_sp
    entry2.o(__vectab_stack_and_reset_area) refers to entry.o(.ARM.Collect$$$$00000000) for __main
    entry5.o(.ARM.Collect$$$$00000004) refers to init.o(.text) for __scatterload
    entry9a.o(.ARM.Collect$$$$0000000B) refers to main.o(i.main) for main
    entry9b.o(.ARM.Collect$$$$0000000C) refers to main.o(i.main) for main
    uldiv.o(.text) refers to llushr.o(.text) for __aeabi_llsr
    uldiv.o(.text) refers to llshl.o(.text) for __aeabi_llsl
    depilogue.o(.text) refers to llshl.o(.text) for __aeabi_llsl
    depilogue.o(.text) refers to llushr.o(.text) for __aeabi_llsr
    dfixul.o(.text) refers to llushr.o(.text) for __aeabi_llsr
    dfixul.o(.text) refers to llshl.o(.text) for __aeabi_llsl
    init.o(.text) refers to entry5.o(.ARM.Collect$$$$00000004) for __main_after_scatterload


==============================================================================

Removing Unused input sections from the image.

    Removing startup_stm32f10x_hd.o(HEAP), (512 bytes).
    Removing stm32f10x_gpio.o(i.GPIO_AFIODeInit), (20 bytes).
    Removing stm32f10x_gpio.o(i.GPIO_DeInit), (200 bytes).
    Removing stm32f10x_gpio.o(i.GPIO_ETH_MediaInterfaceConfig), (12 bytes).
    Removing stm32f10x_gpio.o(i.GPIO_EXTILineConfig), (64 bytes).
    Removing stm32f10x_gpio.o(i.GPIO_EventOutputCmd), (12 bytes).
    Removing stm32f10x_gpio.o(i.GPIO_EventOutputConfig), (32 bytes).
    Removing stm32f10x_gpio.o(i.GPIO_PinLockConfig), (18 bytes).
    Removing stm32f10x_gpio.o(i.GPIO_PinRemapConfig), (144 bytes).
    Removing stm32f10x_gpio.o(i.GPIO_ReadInputData), (8 bytes).
    Removing stm32f10x_gpio.o(i.GPIO_ReadInputDataBit), (18 bytes).
    Removing stm32f10x_gpio.o(i.GPIO_ReadOutputData), (8 bytes).
    Removing stm32f10x_gpio.o(i.GPIO_ReadOutputDataBit), (18 bytes).
    Removing stm32f10x_gpio.o(i.GPIO_StructInit), (16 bytes).
    Removing stm32f10x_gpio.o(i.GPIO_Write), (4 bytes).
    Removing stm32f10x_gpio.o(i.GPIO_WriteBit), (10 bytes).
    Removing stm32f10x_rcc.o(i.RCC_ADCCLKConfig), (24 bytes).
    Removing stm32f10x_rcc.o(i.RCC_APB1PeriphResetCmd), (32 bytes).
    Removing stm32f10x_rcc.o(i.RCC_APB2PeriphResetCmd), (32 bytes).
    Removing stm32f10x_rcc.o(i.RCC_AdjustHSICalibrationValue), (24 bytes).
    Removing stm32f10x_rcc.o(i.RCC_BackupResetCmd), (12 bytes).
    Removing stm32f10x_rcc.o(i.RCC_ClearFlag), (20 bytes).
    Removing stm32f10x_rcc.o(i.RCC_ClearITPendingBit), (12 bytes).
    Removing stm32f10x_rcc.o(i.RCC_ClockSecuritySystemCmd), (12 bytes).
    Removing stm32f10x_rcc.o(i.RCC_DeInit), (76 bytes).
    Removing stm32f10x_rcc.o(i.RCC_GetFlagStatus), (60 bytes).
    Removing stm32f10x_rcc.o(i.RCC_GetITStatus), (24 bytes).
    Removing stm32f10x_rcc.o(i.RCC_GetSYSCLKSource), (16 bytes).
    Removing stm32f10x_rcc.o(i.RCC_HCLKConfig), (24 bytes).
    Removing stm32f10x_rcc.o(i.RCC_HSEConfig), (76 bytes).
    Removing stm32f10x_rcc.o(i.RCC_HSICmd), (12 bytes).
    Removing stm32f10x_rcc.o(i.RCC_ITConfig), (32 bytes).
    Removing stm32f10x_rcc.o(i.RCC_LSEConfig), (52 bytes).
    Removing stm32f10x_rcc.o(i.RCC_LSICmd), (12 bytes).
    Removing stm32f10x_rcc.o(i.RCC_MCOConfig), (12 bytes).
    Removing stm32f10x_rcc.o(i.RCC_PCLK1Config), (24 bytes).
    Removing stm32f10x_rcc.o(i.RCC_PCLK2Config), (24 bytes).
    Removing stm32f10x_rcc.o(i.RCC_PLLCmd), (12 bytes).
    Removing stm32f10x_rcc.o(i.RCC_PLLConfig), (28 bytes).
    Removing stm32f10x_rcc.o(i.RCC_RTCCLKCmd), (12 bytes).
    Removing stm32f10x_rcc.o(i.RCC_RTCCLKConfig), (16 bytes).
    Removing stm32f10x_rcc.o(i.RCC_SYSCLKConfig), (24 bytes).
    Removing stm32f10x_rcc.o(i.RCC_USBCLKConfig), (12 bytes).
    Removing stm32f10x_rcc.o(i.RCC_WaitForHSEStartUp), (56 bytes).
    Removing misc.o(i.NVIC_SetVectorTable), (20 bytes).
    Removing misc.o(i.NVIC_SystemLPConfig), (32 bytes).
    Removing stm32f10x_exti.o(i.EXTI_ClearFlag), (12 bytes).
    Removing stm32f10x_exti.o(i.EXTI_ClearITPendingBit), (12 bytes).
    Removing stm32f10x_exti.o(i.EXTI_DeInit), (36 bytes).
    Removing stm32f10x_exti.o(i.EXTI_GenerateSWInterrupt), (16 bytes).
    Removing stm32f10x_exti.o(i.EXTI_GetFlagStatus), (24 bytes).
    Removing stm32f10x_exti.o(i.EXTI_GetITStatus), (40 bytes).
    Removing stm32f10x_exti.o(i.EXTI_Init), (148 bytes).
    Removing stm32f10x_exti.o(i.EXTI_StructInit), (16 bytes).
    Removing stm32f10x_tim.o(i.TI1_Config), (128 bytes).
    Removing stm32f10x_tim.o(i.TI2_Config), (152 bytes).
    Removing stm32f10x_tim.o(i.TI3_Config), (144 bytes).
    Removing stm32f10x_tim.o(i.TI4_Config), (152 bytes).
    Removing stm32f10x_tim.o(i.TIM_ARRPreloadConfig), (24 bytes).
    Removing stm32f10x_tim.o(i.TIM_BDTRConfig), (32 bytes).
    Removing stm32f10x_tim.o(i.TIM_BDTRStructInit), (18 bytes).
    Removing stm32f10x_tim.o(i.TIM_CCPreloadControl), (24 bytes).
    Removing stm32f10x_tim.o(i.TIM_CCxCmd), (30 bytes).
    Removing stm32f10x_tim.o(i.TIM_CCxNCmd), (30 bytes).
    Removing stm32f10x_tim.o(i.TIM_ClearFlag), (6 bytes).
    Removing stm32f10x_tim.o(i.TIM_ClearOC1Ref), (18 bytes).
    Removing stm32f10x_tim.o(i.TIM_ClearOC2Ref), (24 bytes).
    Removing stm32f10x_tim.o(i.TIM_ClearOC3Ref), (18 bytes).
    Removing stm32f10x_tim.o(i.TIM_ClearOC4Ref), (24 bytes).
    Removing stm32f10x_tim.o(i.TIM_CounterModeConfig), (18 bytes).
    Removing stm32f10x_tim.o(i.TIM_CtrlPWMOutputs), (30 bytes).
    Removing stm32f10x_tim.o(i.TIM_DMACmd), (18 bytes).
    Removing stm32f10x_tim.o(i.TIM_DMAConfig), (10 bytes).
    Removing stm32f10x_tim.o(i.TIM_DeInit), (488 bytes).
    Removing stm32f10x_tim.o(i.TIM_ETRClockMode1Config), (54 bytes).
    Removing stm32f10x_tim.o(i.TIM_ETRClockMode2Config), (32 bytes).
    Removing stm32f10x_tim.o(i.TIM_ETRConfig), (28 bytes).
    Removing stm32f10x_tim.o(i.TIM_EncoderInterfaceConfig), (66 bytes).
    Removing stm32f10x_tim.o(i.TIM_ForcedOC1Config), (18 bytes).
    Removing stm32f10x_tim.o(i.TIM_ForcedOC2Config), (26 bytes).
    Removing stm32f10x_tim.o(i.TIM_ForcedOC3Config), (18 bytes).
    Removing stm32f10x_tim.o(i.TIM_ForcedOC4Config), (26 bytes).
    Removing stm32f10x_tim.o(i.TIM_GenerateEvent), (4 bytes).
    Removing stm32f10x_tim.o(i.TIM_GetCapture1), (6 bytes).
    Removing stm32f10x_tim.o(i.TIM_GetCapture2), (6 bytes).
    Removing stm32f10x_tim.o(i.TIM_GetCapture3), (6 bytes).
    Removing stm32f10x_tim.o(i.TIM_GetCapture4), (8 bytes).
    Removing stm32f10x_tim.o(i.TIM_GetCounter), (6 bytes).
    Removing stm32f10x_tim.o(i.TIM_GetFlagStatus), (18 bytes).
    Removing stm32f10x_tim.o(i.TIM_GetPrescaler), (6 bytes).
    Removing stm32f10x_tim.o(i.TIM_ICInit), (172 bytes).
    Removing stm32f10x_tim.o(i.TIM_ICStructInit), (18 bytes).
    Removing stm32f10x_tim.o(i.TIM_ITRxExternalClockConfig), (24 bytes).
    Removing stm32f10x_tim.o(i.TIM_InternalClockConfig), (12 bytes).
    Removing stm32f10x_tim.o(i.TIM_OC1FastConfig), (18 bytes).
    Removing stm32f10x_tim.o(i.TIM_OC1Init), (152 bytes).
    Removing stm32f10x_tim.o(i.TIM_OC1NPolarityConfig), (18 bytes).
    Removing stm32f10x_tim.o(i.TIM_OC1PolarityConfig), (18 bytes).
    Removing stm32f10x_tim.o(i.TIM_OC1PreloadConfig), (18 bytes).
    Removing stm32f10x_tim.o(i.TIM_OC2FastConfig), (26 bytes).
    Removing stm32f10x_tim.o(i.TIM_OC2Init), (164 bytes).
    Removing stm32f10x_tim.o(i.TIM_OC2NPolarityConfig), (26 bytes).
    Removing stm32f10x_tim.o(i.TIM_OC2PolarityConfig), (26 bytes).
    Removing stm32f10x_tim.o(i.TIM_OC2PreloadConfig), (26 bytes).
    Removing stm32f10x_tim.o(i.TIM_OC3FastConfig), (18 bytes).
    Removing stm32f10x_tim.o(i.TIM_OC3Init), (160 bytes).
    Removing stm32f10x_tim.o(i.TIM_OC3NPolarityConfig), (26 bytes).
    Removing stm32f10x_tim.o(i.TIM_OC3PolarityConfig), (26 bytes).
    Removing stm32f10x_tim.o(i.TIM_OC3PreloadConfig), (18 bytes).
    Removing stm32f10x_tim.o(i.TIM_OC4FastConfig), (26 bytes).
    Removing stm32f10x_tim.o(i.TIM_OC4Init), (124 bytes).
    Removing stm32f10x_tim.o(i.TIM_OC4PolarityConfig), (26 bytes).
    Removing stm32f10x_tim.o(i.TIM_OC4PreloadConfig), (26 bytes).
    Removing stm32f10x_tim.o(i.TIM_OCStructInit), (20 bytes).
    Removing stm32f10x_tim.o(i.TIM_PWMIConfig), (124 bytes).
    Removing stm32f10x_tim.o(i.TIM_PrescalerConfig), (6 bytes).
    Removing stm32f10x_tim.o(i.TIM_SelectCCDMA), (24 bytes).
    Removing stm32f10x_tim.o(i.TIM_SelectCOM), (24 bytes).
    Removing stm32f10x_tim.o(i.TIM_SelectHallSensor), (24 bytes).
    Removing stm32f10x_tim.o(i.TIM_SelectInputTrigger), (18 bytes).
    Removing stm32f10x_tim.o(i.TIM_SelectMasterSlaveMode), (18 bytes).
    Removing stm32f10x_tim.o(i.TIM_SelectOCxM), (82 bytes).
    Removing stm32f10x_tim.o(i.TIM_SelectOnePulseMode), (18 bytes).
    Removing stm32f10x_tim.o(i.TIM_SelectOutputTrigger), (18 bytes).
    Removing stm32f10x_tim.o(i.TIM_SelectSlaveMode), (18 bytes).
    Removing stm32f10x_tim.o(i.TIM_SetAutoreload), (4 bytes).
    Removing stm32f10x_tim.o(i.TIM_SetClockDivision), (18 bytes).
    Removing stm32f10x_tim.o(i.TIM_SetCompare1), (4 bytes).
    Removing stm32f10x_tim.o(i.TIM_SetCompare2), (4 bytes).
    Removing stm32f10x_tim.o(i.TIM_SetCompare3), (4 bytes).
    Removing stm32f10x_tim.o(i.TIM_SetCompare4), (6 bytes).
    Removing stm32f10x_tim.o(i.TIM_SetCounter), (4 bytes).
    Removing stm32f10x_tim.o(i.TIM_SetIC1Prescaler), (18 bytes).
    Removing stm32f10x_tim.o(i.TIM_SetIC2Prescaler), (26 bytes).
    Removing stm32f10x_tim.o(i.TIM_SetIC3Prescaler), (18 bytes).
    Removing stm32f10x_tim.o(i.TIM_SetIC4Prescaler), (26 bytes).
    Removing stm32f10x_tim.o(i.TIM_TIxExternalClockConfig), (62 bytes).
    Removing stm32f10x_tim.o(i.TIM_TimeBaseStructInit), (18 bytes).
    Removing stm32f10x_tim.o(i.TIM_UpdateDisableConfig), (24 bytes).
    Removing stm32f10x_tim.o(i.TIM_UpdateRequestConfig), (24 bytes).
    Removing stm32f10x_usart.o(i.USART_ClockInit), (34 bytes).
    Removing stm32f10x_usart.o(i.USART_ClockStructInit), (12 bytes).
    Removing stm32f10x_usart.o(i.USART_DeInit), (156 bytes).
    Removing stm32f10x_usart.o(i.USART_HalfDuplexCmd), (24 bytes).
    Removing stm32f10x_usart.o(i.USART_IrDACmd), (24 bytes).
    Removing stm32f10x_usart.o(i.USART_IrDAConfig), (18 bytes).
    Removing stm32f10x_usart.o(i.USART_LINBreakDetectLengthConfig), (18 bytes).
    Removing stm32f10x_usart.o(i.USART_LINCmd), (24 bytes).
    Removing stm32f10x_usart.o(i.USART_OneBitMethodCmd), (24 bytes).
    Removing stm32f10x_usart.o(i.USART_OverSampling8Cmd), (22 bytes).
    Removing stm32f10x_usart.o(i.USART_ReceiverWakeUpCmd), (24 bytes).
    Removing stm32f10x_usart.o(i.USART_SendBreak), (10 bytes).
    Removing stm32f10x_usart.o(i.USART_SetAddress), (18 bytes).
    Removing stm32f10x_usart.o(i.USART_SetGuardTime), (16 bytes).
    Removing stm32f10x_usart.o(i.USART_SetPrescaler), (16 bytes).
    Removing stm32f10x_usart.o(i.USART_SmartCardCmd), (24 bytes).
    Removing stm32f10x_usart.o(i.USART_SmartCardNACKCmd), (24 bytes).
    Removing stm32f10x_usart.o(i.USART_StructInit), (24 bytes).
    Removing stm32f10x_usart.o(i.USART_WakeUpConfig), (18 bytes).
    Removing stm32f10x_flash.o(i.FLASH_ClearFlag), (12 bytes).
    Removing stm32f10x_flash.o(i.FLASH_EnableWriteProtection), (196 bytes).
    Removing stm32f10x_flash.o(i.FLASH_EraseAllBank1Pages), (72 bytes).
    Removing stm32f10x_flash.o(i.FLASH_EraseAllPages), (72 bytes).
    Removing stm32f10x_flash.o(i.FLASH_EraseOptionBytes), (168 bytes).
    Removing stm32f10x_flash.o(i.FLASH_GetFlagStatus), (48 bytes).
    Removing stm32f10x_flash.o(i.FLASH_GetPrefetchBufferStatus), (24 bytes).
    Removing stm32f10x_flash.o(i.FLASH_GetReadOutProtectionStatus), (24 bytes).
    Removing stm32f10x_flash.o(i.FLASH_GetStatus), (52 bytes).
    Removing stm32f10x_flash.o(i.FLASH_GetUserOptionByte), (12 bytes).
    Removing stm32f10x_flash.o(i.FLASH_GetWriteProtectionOptionByte), (12 bytes).
    Removing stm32f10x_flash.o(i.FLASH_HalfCycleAccessCmd), (28 bytes).
    Removing stm32f10x_flash.o(i.FLASH_ITConfig), (32 bytes).
    Removing stm32f10x_flash.o(i.FLASH_LockBank1), (20 bytes).
    Removing stm32f10x_flash.o(i.FLASH_PrefetchBufferCmd), (28 bytes).
    Removing stm32f10x_flash.o(i.FLASH_ProgramOptionByteData), (84 bytes).
    Removing stm32f10x_flash.o(i.FLASH_ProgramWord), (108 bytes).
    Removing stm32f10x_flash.o(i.FLASH_ReadOutProtection), (172 bytes).
    Removing stm32f10x_flash.o(i.FLASH_SetLatency), (24 bytes).
    Removing stm32f10x_flash.o(i.FLASH_UnlockBank1), (24 bytes).
    Removing stm32f10x_flash.o(i.FLASH_UserOptionByteConfig), (104 bytes).
    Removing stm32f10x_flash.o(i.FLASH_WaitForLastBank1Operation), (38 bytes).
    Removing stm32f10x_dma.o(i.DMA_ClearITPendingBit), (28 bytes).
    Removing stm32f10x_dma.o(i.DMA_DeInit), (332 bytes).
    Removing stm32f10x_dma.o(i.DMA_GetCurrDataCounter), (8 bytes).
    Removing stm32f10x_dma.o(i.DMA_GetITStatus), (44 bytes).
    Removing stm32f10x_dma.o(i.DMA_StructInit), (26 bytes).
    Removing system_stm32f10x.o(i.SystemCoreClockUpdate), (164 bytes).
    Removing system_stm32f10x.o(.data), (20 bytes).
    Removing core_cm3.o(.emb_text), (32 bytes).
    Removing usart.o(i.USART1_Init), (184 bytes).
    Removing servo.o(i.toCenter), (36 bytes).
    Removing pidyaw.o(i.YAWPIDscan_Init), (92 bytes).
    Removing esp8266.o(i.AT_CWJAP), (152 bytes).
    Removing systick.o(i.delay_us), (76 bytes).

194 unused section(s) (total 8840 bytes) removed from the image.

==============================================================================

Image Symbol Table

    Local Symbols

    Symbol Name                              Value     Ov Type        Size  Object(Section)

    ../clib/microlib/division.c              0x00000000   Number         0  uidiv.o ABSOLUTE
    ../clib/microlib/division.c              0x00000000   Number         0  uldiv.o ABSOLUTE
    ../clib/microlib/init/entry.s            0x00000000   Number         0  entry5.o ABSOLUTE
    ../clib/microlib/init/entry.s            0x00000000   Number         0  entry9b.o ABSOLUTE
    ../clib/microlib/init/entry.s            0x00000000   Number         0  entry9a.o ABSOLUTE
    ../clib/microlib/init/entry.s            0x00000000   Number         0  entry8b.o ABSOLUTE
    ../clib/microlib/init/entry.s            0x00000000   Number         0  entry.o ABSOLUTE
    ../clib/microlib/init/entry.s            0x00000000   Number         0  entry8a.o ABSOLUTE
    ../clib/microlib/init/entry.s            0x00000000   Number         0  entry7b.o ABSOLUTE
    ../clib/microlib/init/entry.s            0x00000000   Number         0  entry2.o ABSOLUTE
    ../clib/microlib/init/entry.s            0x00000000   Number         0  entry7a.o ABSOLUTE
    ../clib/microlib/init/entry.s            0x00000000   Number         0  entry10a.o ABSOLUTE
    ../clib/microlib/init/entry.s            0x00000000   Number         0  entry10b.o ABSOLUTE
    ../clib/microlib/init/entry.s            0x00000000   Number         0  entry11a.o ABSOLUTE
    ../clib/microlib/init/entry.s            0x00000000   Number         0  entry11b.o ABSOLUTE
    ../clib/microlib/longlong.c              0x00000000   Number         0  llshl.o ABSOLUTE
    ../clib/microlib/longlong.c              0x00000000   Number         0  llsshr.o ABSOLUTE
    ../clib/microlib/longlong.c              0x00000000   Number         0  llushr.o ABSOLUTE
    ../clib/microlib/printf/printf.c         0x00000000   Number         0  printf6.o ABSOLUTE
    ../clib/microlib/printf/printf.c         0x00000000   Number         0  printf5.o ABSOLUTE
    ../clib/microlib/printf/printf.c         0x00000000   Number         0  printf3.o ABSOLUTE
    ../clib/microlib/printf/printf.c         0x00000000   Number         0  printf2.o ABSOLUTE
    ../clib/microlib/printf/printf.c         0x00000000   Number         0  printf1.o ABSOLUTE
    ../clib/microlib/printf/printf.c         0x00000000   Number         0  printf0.o ABSOLUTE
    ../clib/microlib/printf/printf.c         0x00000000   Number         0  printf4.o ABSOLUTE
    ../clib/microlib/printf/printf.c         0x00000000   Number         0  printfb.o ABSOLUTE
    ../clib/microlib/printf/printf.c         0x00000000   Number         0  printfa.o ABSOLUTE
    ../clib/microlib/printf/printf.c         0x00000000   Number         0  printf8.o ABSOLUTE
    ../clib/microlib/printf/printf.c         0x00000000   Number         0  printf7.o ABSOLUTE
    ../clib/microlib/printf/stubs.s          0x00000000   Number         0  stubs.o ABSOLUTE
    ../clib/microlib/stdio/streams.c         0x00000000   Number         0  stdout.o ABSOLUTE
    ../clib/microlib/string/memset.c         0x00000000   Number         0  memseta.o ABSOLUTE
    ../clib/microlib/string/strcat.c         0x00000000   Number         0  strcat.o ABSOLUTE
    ../clib/microlib/string/strcpy.c         0x00000000   Number         0  strcpy.o ABSOLUTE
    ../clib/microlib/string/strlen.c         0x00000000   Number         0  strlen.o ABSOLUTE
    ../clib/microlib/string/strstr.c         0x00000000   Number         0  strstr.o ABSOLUTE
    ../clib/microlib/stubs.s                 0x00000000   Number         0  iusefp.o ABSOLUTE
    ../fplib/microlib/d2f.c                  0x00000000   Number         0  d2f.o ABSOLUTE
    ../fplib/microlib/f2d.c                  0x00000000   Number         0  f2d.o ABSOLUTE
    ../fplib/microlib/fpadd.c                0x00000000   Number         0  dadd.o ABSOLUTE
    ../fplib/microlib/fpadd.c                0x00000000   Number         0  fadd.o ABSOLUTE
    ../fplib/microlib/fpdiv.c                0x00000000   Number         0  ddiv.o ABSOLUTE
    ../fplib/microlib/fpdiv.c                0x00000000   Number         0  fdiv.o ABSOLUTE
    ../fplib/microlib/fpepilogue.c           0x00000000   Number         0  depilogue.o ABSOLUTE
    ../fplib/microlib/fpepilogue.c           0x00000000   Number         0  fepilogue.o ABSOLUTE
    ../fplib/microlib/fpfix.c                0x00000000   Number         0  ffixi.o ABSOLUTE
    ../fplib/microlib/fpfix.c                0x00000000   Number         0  ffixui.o ABSOLUTE
    ../fplib/microlib/fpfix.c                0x00000000   Number         0  dfixul.o ABSOLUTE
    ../fplib/microlib/fpflt.c                0x00000000   Number         0  dflti.o ABSOLUTE
    ../fplib/microlib/fpflt.c                0x00000000   Number         0  fflti.o ABSOLUTE
    ../fplib/microlib/fpmul.c                0x00000000   Number         0  dmul.o ABSOLUTE
    ../fplib/microlib/fpmul.c                0x00000000   Number         0  fmul.o ABSOLUTE
    APP\ESP8266\ESP8266.c                    0x00000000   Number         0  esp8266.o ABSOLUTE
    APP\JY901\JY901.c                        0x00000000   Number         0  jy901.o ABSOLUTE
    APP\dma\dma.c                            0x00000000   Number         0  dma.o ABSOLUTE
    APP\led\led.c                            0x00000000   Number         0  led.o ABSOLUTE
    APP\motor\motor.c                        0x00000000   Number         0  motor.o ABSOLUTE
    APP\pidyaw\pidyaw.c                      0x00000000   Number         0  pidyaw.o ABSOLUTE
    APP\servo\servo.c                        0x00000000   Number         0  servo.o ABSOLUTE
    APP\stm32_flash\stm32_flash.c            0x00000000   Number         0  stm32_flash.o ABSOLUTE
    APP\usart\usart.c                        0x00000000   Number         0  usart.o ABSOLUTE
    Libraries\CMSIS\core_cm3.c               0x00000000   Number         0  core_cm3.o ABSOLUTE
    Libraries\CMSIS\startup_stm32f10x_hd.s   0x00000000   Number         0  startup_stm32f10x_hd.o ABSOLUTE
    Libraries\CMSIS\system_stm32f10x.c       0x00000000   Number         0  system_stm32f10x.o ABSOLUTE
    Libraries\STM32F10x_StdPeriph_Driver\src\misc.c 0x00000000   Number         0  misc.o ABSOLUTE
    Libraries\STM32F10x_StdPeriph_Driver\src\stm32f10x_dma.c 0x00000000   Number         0  stm32f10x_dma.o ABSOLUTE
    Libraries\STM32F10x_StdPeriph_Driver\src\stm32f10x_exti.c 0x00000000   Number         0  stm32f10x_exti.o ABSOLUTE
    Libraries\STM32F10x_StdPeriph_Driver\src\stm32f10x_flash.c 0x00000000   Number         0  stm32f10x_flash.o ABSOLUTE
    Libraries\STM32F10x_StdPeriph_Driver\src\stm32f10x_gpio.c 0x00000000   Number         0  stm32f10x_gpio.o ABSOLUTE
    Libraries\STM32F10x_StdPeriph_Driver\src\stm32f10x_rcc.c 0x00000000   Number         0  stm32f10x_rcc.o ABSOLUTE
    Libraries\STM32F10x_StdPeriph_Driver\src\stm32f10x_tim.c 0x00000000   Number         0  stm32f10x_tim.o ABSOLUTE
    Libraries\STM32F10x_StdPeriph_Driver\src\stm32f10x_usart.c 0x00000000   Number         0  stm32f10x_usart.o ABSOLUTE
    Libraries\\CMSIS\\core_cm3.c             0x00000000   Number         0  core_cm3.o ABSOLUTE
    Public\SysTick.c                         0x00000000   Number         0  systick.o ABSOLUTE
    Public\pid\pid.c                         0x00000000   Number         0  pid.o ABSOLUTE
    Public\public.c                          0x00000000   Number         0  public.o ABSOLUTE
    Public\system.c                          0x00000000   Number         0  system.o ABSOLUTE
    User\main.c                              0x00000000   Number         0  main.o ABSOLUTE
    User\stm32f10x_it.c                      0x00000000   Number         0  stm32f10x_it.o ABSOLUTE
    cdrcmple.s                               0x00000000   Number         0  cdrcmple.o ABSOLUTE
    dc.s                                     0x00000000   Number         0  dc.o ABSOLUTE
    handlers.s                               0x00000000   Number         0  handlers.o ABSOLUTE
    init.s                                   0x00000000   Number         0  init.o ABSOLUTE
    RESET                                    0x08000000   Section      304  startup_stm32f10x_hd.o(RESET)
    .ARM.Collect$$$$00000000                 0x08000130   Section        0  entry.o(.ARM.Collect$$$$00000000)
    .ARM.Collect$$$$00000001                 0x08000130   Section        4  entry2.o(.ARM.Collect$$$$00000001)
    .ARM.Collect$$$$00000004                 0x08000134   Section        4  entry5.o(.ARM.Collect$$$$00000004)
    .ARM.Collect$$$$00000008                 0x08000138   Section        0  entry7b.o(.ARM.Collect$$$$00000008)
    .ARM.Collect$$$$0000000A                 0x08000138   Section        0  entry8b.o(.ARM.Collect$$$$0000000A)
    .ARM.Collect$$$$0000000B                 0x08000138   Section        8  entry9a.o(.ARM.Collect$$$$0000000B)
    .ARM.Collect$$$$0000000D                 0x08000140   Section        0  entry10a.o(.ARM.Collect$$$$0000000D)
    .ARM.Collect$$$$0000000F                 0x08000140   Section        0  entry11a.o(.ARM.Collect$$$$0000000F)
    .ARM.Collect$$$$00002712                 0x08000140   Section        4  entry2.o(.ARM.Collect$$$$00002712)
    __lit__00000000                          0x08000140   Data           4  entry2.o(.ARM.Collect$$$$00002712)
    .text                                    0x08000144   Section       36  startup_stm32f10x_hd.o(.text)
    .text                                    0x08000168   Section        0  memseta.o(.text)
    .text                                    0x0800018c   Section        0  strcat.o(.text)
    .text                                    0x080001a4   Section        0  strstr.o(.text)
    .text                                    0x080001c8   Section        0  strlen.o(.text)
    .text                                    0x080001d6   Section        0  strcpy.o(.text)
    .text                                    0x080001e8   Section        0  fadd.o(.text)
    .text                                    0x08000298   Section        0  fmul.o(.text)
    .text                                    0x080002fc   Section        0  fdiv.o(.text)
    .text                                    0x08000378   Section        0  dadd.o(.text)
    .text                                    0x080004c6   Section        0  dmul.o(.text)
    .text                                    0x080005aa   Section        0  ddiv.o(.text)
    .text                                    0x08000688   Section        0  fflti.o(.text)
    .text                                    0x0800069a   Section        0  dflti.o(.text)
    .text                                    0x080006bc   Section        0  ffixi.o(.text)
    .text                                    0x080006ee   Section        0  ffixui.o(.text)
    .text                                    0x08000716   Section        0  f2d.o(.text)
    .text                                    0x0800073c   Section        0  d2f.o(.text)
    .text                                    0x08000774   Section        0  uidiv.o(.text)
    .text                                    0x080007a0   Section        0  uldiv.o(.text)
    .text                                    0x08000802   Section        0  llshl.o(.text)
    .text                                    0x08000820   Section        0  llsshr.o(.text)
    .text                                    0x08000844   Section        0  fepilogue.o(.text)
    .text                                    0x08000844   Section        0  iusefp.o(.text)
    .text                                    0x080008b2   Section        0  depilogue.o(.text)
    .text                                    0x0800096c   Section        0  dfixul.o(.text)
    .text                                    0x0800099c   Section       48  cdrcmple.o(.text)
    .text                                    0x080009cc   Section       36  init.o(.text)
    .text                                    0x080009f0   Section        0  llushr.o(.text)
    i.AT                                     0x08000a10   Section        0  esp8266.o(i.AT)
    i.AT_CIPCLOSE                            0x08000a54   Section        0  esp8266.o(i.AT_CIPCLOSE)
    i.AT_CIPMUX                              0x08000aa8   Section        0  esp8266.o(i.AT_CIPMUX)
    i.AT_CIPSEND                             0x08000b0c   Section        0  esp8266.o(i.AT_CIPSEND)
    i.AT_CIPSERVER                           0x08000bbc   Section        0  esp8266.o(i.AT_CIPSERVER)
    i.AT_CIPSTART                            0x08000c3c   Section        0  esp8266.o(i.AT_CIPSTART)
    i.AT_CWMODE                              0x08000cf4   Section        0  esp8266.o(i.AT_CWMODE)
    i.AT_CWQAP                               0x08000d58   Section        0  esp8266.o(i.AT_CWQAP)
    i.AT_CWSAP                               0x08000da0   Section        0  esp8266.o(i.AT_CWSAP)
    i.AT_RST                                 0x08000e58   Section        0  esp8266.o(i.AT_RST)
    i.BusFault_Handler                       0x08000ea0   Section        0  stm32f10x_it.o(i.BusFault_Handler)
    i.CopeSerial1Data                        0x08000ea4   Section        0  usart.o(i.CopeSerial1Data)
    i.CopeSerial2Data                        0x08001088   Section        0  usart.o(i.CopeSerial2Data)
    i.CopeSerial3Data                        0x080011a4   Section        0  usart.o(i.CopeSerial3Data)
    i.DMA1_USARTX_Init                       0x08001350   Section        0  dma.o(i.DMA1_USARTX_Init)
    i.DMA_ClearFlag                          0x080013dc   Section        0  stm32f10x_dma.o(i.DMA_ClearFlag)
    i.DMA_Cmd                                0x080013f8   Section        0  stm32f10x_dma.o(i.DMA_Cmd)
    i.DMA_GetFlagStatus                      0x08001410   Section        0  stm32f10x_dma.o(i.DMA_GetFlagStatus)
    i.DMA_ITConfig                           0x0800143c   Section        0  stm32f10x_dma.o(i.DMA_ITConfig)
    i.DMA_Init                               0x0800144e   Section        0  stm32f10x_dma.o(i.DMA_Init)
    i.DMA_SetCurrDataCounter                 0x0800148a   Section        0  stm32f10x_dma.o(i.DMA_SetCurrDataCounter)
    i.DebugMon_Handler                       0x0800148e   Section        0  stm32f10x_it.o(i.DebugMon_Handler)
    i.ESP8266_Init                           0x08001490   Section        0  esp8266.o(i.ESP8266_Init)
    i.FLASH_ErasePage                        0x080014bc   Section        0  stm32f10x_flash.o(i.FLASH_ErasePage)
    i.FLASH_GetBank1Status                   0x08001508   Section        0  stm32f10x_flash.o(i.FLASH_GetBank1Status)
    i.FLASH_Lock                             0x0800153c   Section        0  stm32f10x_flash.o(i.FLASH_Lock)
    i.FLASH_ProgramHalfWord                  0x08001550   Section        0  stm32f10x_flash.o(i.FLASH_ProgramHalfWord)
    i.FLASH_Unlock                           0x08001590   Section        0  stm32f10x_flash.o(i.FLASH_Unlock)
    i.FLASH_WaitForLastOperation             0x080015a8   Section        0  stm32f10x_flash.o(i.FLASH_WaitForLastOperation)
    i.GPIO_Init                              0x080015ce   Section        0  stm32f10x_gpio.o(i.GPIO_Init)
    i.GPIO_ResetBits                         0x080016e4   Section        0  stm32f10x_gpio.o(i.GPIO_ResetBits)
    i.GPIO_SetBits                           0x080016e8   Section        0  stm32f10x_gpio.o(i.GPIO_SetBits)
    i.HardFault_Handler                      0x080016ec   Section        0  stm32f10x_it.o(i.HardFault_Handler)
    i.LED_Init                               0x080016f0   Section        0  led.o(i.LED_Init)
    i.MemManage_Handler                      0x08001728   Section        0  stm32f10x_it.o(i.MemManage_Handler)
    i.NMI_Handler                            0x0800172c   Section        0  stm32f10x_it.o(i.NMI_Handler)
    i.NVIC_Init                              0x08001730   Section        0  misc.o(i.NVIC_Init)
    i.NVIC_PriorityGroupConfig               0x080017a0   Section        0  misc.o(i.NVIC_PriorityGroupConfig)
    i.PID_changeAngle                        0x080017b4   Section        0  pidyaw.o(i.PID_changeAngle)
    i.PendSV_Handler                         0x08001814   Section        0  stm32f10x_it.o(i.PendSV_Handler)
    i.RCC_AHBPeriphClockCmd                  0x08001818   Section        0  stm32f10x_rcc.o(i.RCC_AHBPeriphClockCmd)
    i.RCC_APB1PeriphClockCmd                 0x08001838   Section        0  stm32f10x_rcc.o(i.RCC_APB1PeriphClockCmd)
    i.RCC_APB2PeriphClockCmd                 0x08001858   Section        0  stm32f10x_rcc.o(i.RCC_APB2PeriphClockCmd)
    i.RCC_GetClocksFreq                      0x08001878   Section        0  stm32f10x_rcc.o(i.RCC_GetClocksFreq)
    i.STM32_FLASH_Read                       0x0800194c   Section        0  stm32_flash.o(i.STM32_FLASH_Read)
    i.STM32_FLASH_ReadHalfWord               0x0800196e   Section        0  stm32_flash.o(i.STM32_FLASH_ReadHalfWord)
    i.STM32_FLASH_Write                      0x08001974   Section        0  stm32_flash.o(i.STM32_FLASH_Write)
    i.STM32_FLASH_Write_NoCheck              0x08001a5c   Section        0  stm32_flash.o(i.STM32_FLASH_Write_NoCheck)
    i.SVC_Handler                            0x08001a82   Section        0  stm32f10x_it.o(i.SVC_Handler)
    i.Send_Data                              0x08001a84   Section        0  dma.o(i.Send_Data)
    i.SetSysClock                            0x08001ab8   Section        0  system_stm32f10x.o(i.SetSysClock)
    SetSysClock                              0x08001ab9   Thumb Code     8  system_stm32f10x.o(i.SetSysClock)
    i.SetSysClockTo72                        0x08001ac0   Section        0  system_stm32f10x.o(i.SetSysClockTo72)
    SetSysClockTo72                          0x08001ac1   Thumb Code   214  system_stm32f10x.o(i.SetSysClockTo72)
    i.Start_Station                          0x08001ba0   Section        0  esp8266.o(i.Start_Station)
    i.String_Compare                         0x08001bd4   Section        0  public.o(i.String_Compare)
    i.SysTick_CLKSourceConfig                0x08001c28   Section        0  misc.o(i.SysTick_CLKSourceConfig)
    i.SysTick_Handler                        0x08001c50   Section        0  stm32f10x_it.o(i.SysTick_Handler)
    i.SysTick_Init                           0x08001c54   Section        0  systick.o(i.SysTick_Init)
    i.SystemInit                             0x08001c90   Section        0  system_stm32f10x.o(i.SystemInit)
    i.TIM2_IRQHandler                        0x08001cf0   Section        0  pidyaw.o(i.TIM2_IRQHandler)
    i.TIM3_IRQHandler                        0x08001cf4   Section        0  motor.o(i.TIM3_IRQHandler)
    i.TIM4_IRQHandler                        0x08001dc4   Section        0  servo.o(i.TIM4_IRQHandler)
    i.TIM_ClearITPendingBit                  0x08001e7c   Section        0  stm32f10x_tim.o(i.TIM_ClearITPendingBit)
    i.TIM_Cmd                                0x08001e82   Section        0  stm32f10x_tim.o(i.TIM_Cmd)
    i.TIM_GetITStatus                        0x08001e9a   Section        0  stm32f10x_tim.o(i.TIM_GetITStatus)
    i.TIM_ITConfig                           0x08001ebc   Section        0  stm32f10x_tim.o(i.TIM_ITConfig)
    i.TIM_TimeBaseInit                       0x08001ed0   Section        0  stm32f10x_tim.o(i.TIM_TimeBaseInit)
    i.Turn_AP                                0x08001f74   Section        0  esp8266.o(i.Turn_AP)
    i.UART2_Put_Char                         0x08001ffc   Section        0  usart.o(i.UART2_Put_Char)
    i.UART2_Put_String                       0x0800202c   Section        0  usart.o(i.UART2_Put_String)
    i.USART1_IRQHandler                      0x08002044   Section        0  usart.o(i.USART1_IRQHandler)
    i.USART2_IRQHandler                      0x08002080   Section        0  usart.o(i.USART2_IRQHandler)
    i.USART2_Init                            0x08002110   Section        0  usart.o(i.USART2_Init)
    i.USART3_IRQHandler                      0x080021c4   Section        0  dma.o(i.USART3_IRQHandler)
    i.USART3_Init                            0x080022b4   Section        0  usart.o(i.USART3_Init)
    i.USART_ClearFlag                        0x08002378   Section        0  stm32f10x_usart.o(i.USART_ClearFlag)
    i.USART_ClearITPendingBit                0x0800238a   Section        0  stm32f10x_usart.o(i.USART_ClearITPendingBit)
    i.USART_Cmd                              0x080023a8   Section        0  stm32f10x_usart.o(i.USART_Cmd)
    i.USART_DMACmd                           0x080023c0   Section        0  stm32f10x_usart.o(i.USART_DMACmd)
    i.USART_GetFlagStatus                    0x080023d2   Section        0  stm32f10x_usart.o(i.USART_GetFlagStatus)
    i.USART_GetITStatus                      0x080023ec   Section        0  stm32f10x_usart.o(i.USART_GetITStatus)
    i.USART_ITConfig                         0x08002440   Section        0  stm32f10x_usart.o(i.USART_ITConfig)
    i.USART_Init                             0x0800248c   Section        0  stm32f10x_usart.o(i.USART_Init)
    i.USART_ReceiveData                      0x08002564   Section        0  stm32f10x_usart.o(i.USART_ReceiveData)
    i.USART_SendData                         0x0800256e   Section        0  stm32f10x_usart.o(i.USART_SendData)
    i.UsageFault_Handler                     0x08002576   Section        0  stm32f10x_it.o(i.UsageFault_Handler)
    i.__0printf                              0x0800257c   Section        0  printfa.o(i.__0printf)
    i.__scatterload_copy                     0x0800259c   Section       14  handlers.o(i.__scatterload_copy)
    i.__scatterload_null                     0x080025aa   Section        2  handlers.o(i.__scatterload_null)
    i.__scatterload_zeroinit                 0x080025ac   Section       14  handlers.o(i.__scatterload_zeroinit)
    i._fp_digits                             0x080025bc   Section        0  printfa.o(i._fp_digits)
    _fp_digits                               0x080025bd   Thumb Code   334  printfa.o(i._fp_digits)
    i._printf_core                           0x08002720   Section        0  printfa.o(i._printf_core)
    _printf_core                             0x08002721   Thumb Code  1744  printfa.o(i._printf_core)
    i._printf_post_padding                   0x08002dfc   Section        0  printfa.o(i._printf_post_padding)
    _printf_post_padding                     0x08002dfd   Thumb Code    36  printfa.o(i._printf_post_padding)
    i._printf_pre_padding                    0x08002e20   Section        0  printfa.o(i._printf_pre_padding)
    _printf_pre_padding                      0x08002e21   Thumb Code    46  printfa.o(i._printf_pre_padding)
    i.changeAngle                            0x08002e50   Section        0  servo.o(i.changeAngle)
    i.controlMotor                           0x08002ecc   Section        0  motor.o(i.controlMotor)
    i.controlSpeed                           0x08002f60   Section        0  motor.o(i.controlSpeed)
    i.delay_ms                               0x08002fd4   Section        0  systick.o(i.delay_ms)
    i.fputc                                  0x08003020   Section        0  usart.o(i.fputc)
    i.main                                   0x08003044   Section        0  main.o(i.main)
    i.motorInit                              0x080031c0   Section        0  motor.o(i.motorInit)
    i.pid_iterate                            0x080032a4   Section        0  pid.o(i.pid_iterate)
    i.servoInit                              0x08003368   Section        0  servo.o(i.servoInit)
    i.yawPID_Init                            0x08003430   Section        0  pidyaw.o(i.yawPID_Init)
    .data                                    0x20000000   Section       20  stm32f10x_rcc.o(.data)
    APBAHBPrescTable                         0x20000000   Data          16  stm32f10x_rcc.o(.data)
    ADCPrescTable                            0x20000010   Data           4  stm32f10x_rcc.o(.data)
    .data                                    0x20000014   Section        6  usart.o(.data)
    U2TxCounter                              0x20000014   Data           1  usart.o(.data)
    U2TXCOUNT                                0x20000015   Data           1  usart.o(.data)
    ucRxCnt                                  0x20000018   Data           1  usart.o(.data)
    ucRxCnt                                  0x20000019   Data           1  usart.o(.data)
    .data                                    0x2000001a   Section        7  servo.o(.data)
    .data                                    0x20000022   Section        8  motor.o(.data)
    .data                                    0x2000002c   Section      120  jy901.o(.data)
    .data                                    0x200000a4   Section       12  pidyaw.o(.data)
    .data                                    0x200000b0   Section        5  esp8266.o(.data)
    .data                                    0x200000b6   Section        4  systick.o(.data)
    fac_us                                   0x200000b6   Data           1  systick.o(.data)
    fac_ms                                   0x200000b8   Data           2  systick.o(.data)
    .data                                    0x200000bc   Section        4  stdout.o(.data)
    .bss                                     0x200000c0   Section      756  usart.o(.bss)
    U2TxBuffer                               0x200000c0   Data         256  usart.o(.bss)
    ucRxBuffer                               0x200001c0   Data         250  usart.o(.bss)
    ucRxBuffer                               0x200002ba   Data         250  usart.o(.bss)
    .bss                                     0x200003b8   Section       72  pidyaw.o(.bss)
    .bss                                     0x20000400   Section     1024  stm32_flash.o(.bss)
    .bss                                     0x20000800   Section     4666  dma.o(.bss)
    STACK                                    0x20001a40   Section     1024  startup_stm32f10x_hd.o(STACK)

    Global Symbols

    Symbol Name                              Value     Ov Type        Size  Object(Section)

    BuildAttributes$$THM_ISAv4$P$D$K$B$S$PE$A:L22UL41UL21$X:L11$S22US41US21$IEEE1$IW$USESV6$~STKCKD$USESV7$~SHL$OTIME$ROPI$EBA8$MICROLIB$REQ8$PRES8$EABIv2 0x00000000   Number         0  anon$$obj.o ABSOLUTE
    __ARM_use_no_argv                        0x00000000   Number         0  main.o ABSOLUTE
    _printf_a                                0x00000000   Number         0  stubs.o ABSOLUTE
    _printf_c                                0x00000000   Number         0  stubs.o ABSOLUTE
    _printf_charcount                        0x00000000   Number         0  stubs.o ABSOLUTE
    _printf_d                                0x00000000   Number         0  stubs.o ABSOLUTE
    _printf_e                                0x00000000   Number         0  stubs.o ABSOLUTE
    _printf_f                                0x00000000   Number         0  stubs.o ABSOLUTE
    _printf_flags                            0x00000000   Number         0  stubs.o ABSOLUTE
    _printf_fp_dec                           0x00000000   Number         0  stubs.o ABSOLUTE
    _printf_fp_hex                           0x00000000   Number         0  stubs.o ABSOLUTE
    _printf_g                                0x00000000   Number         0  stubs.o ABSOLUTE
    _printf_i                                0x00000000   Number         0  stubs.o ABSOLUTE
    _printf_int_dec                          0x00000000   Number         0  stubs.o ABSOLUTE
    _printf_l                                0x00000000   Number         0  stubs.o ABSOLUTE
    _printf_lc                               0x00000000   Number         0  stubs.o ABSOLUTE
    _printf_ll                               0x00000000   Number         0  stubs.o ABSOLUTE
    _printf_lld                              0x00000000   Number         0  stubs.o ABSOLUTE
    _printf_lli                              0x00000000   Number         0  stubs.o ABSOLUTE
    _printf_llo                              0x00000000   Number         0  stubs.o ABSOLUTE
    _printf_llu                              0x00000000   Number         0  stubs.o ABSOLUTE
    _printf_llx                              0x00000000   Number         0  stubs.o ABSOLUTE
    _printf_longlong_dec                     0x00000000   Number         0  stubs.o ABSOLUTE
    _printf_longlong_hex                     0x00000000   Number         0  stubs.o ABSOLUTE
    _printf_longlong_oct                     0x00000000   Number         0  stubs.o ABSOLUTE
    _printf_ls                               0x00000000   Number         0  stubs.o ABSOLUTE
    _printf_mbtowc                           0x00000000   Number         0  stubs.o ABSOLUTE
    _printf_n                                0x00000000   Number         0  stubs.o ABSOLUTE
    _printf_o                                0x00000000   Number         0  stubs.o ABSOLUTE
    _printf_p                                0x00000000   Number         0  stubs.o ABSOLUTE
    _printf_percent                          0x00000000   Number         0  stubs.o ABSOLUTE
    _printf_pre_padding                      0x00000000   Number         0  stubs.o ABSOLUTE
    _printf_return_value                     0x00000000   Number         0  stubs.o ABSOLUTE
    _printf_s                                0x00000000   Number         0  stubs.o ABSOLUTE
    _printf_sizespec                         0x00000000   Number         0  stubs.o ABSOLUTE
    _printf_str                              0x00000000   Number         0  stubs.o ABSOLUTE
    _printf_truncate_signed                  0x00000000   Number         0  stubs.o ABSOLUTE
    _printf_truncate_unsigned                0x00000000   Number         0  stubs.o ABSOLUTE
    _printf_u                                0x00000000   Number         0  stubs.o ABSOLUTE
    _printf_wc                               0x00000000   Number         0  stubs.o ABSOLUTE
    _printf_wctomb                           0x00000000   Number         0  stubs.o ABSOLUTE
    _printf_widthprec                        0x00000000   Number         0  stubs.o ABSOLUTE
    _printf_x                                0x00000000   Number         0  stubs.o ABSOLUTE
    __cpp_initialize__aeabi_                  - Undefined Weak Reference
    __cxa_finalize                            - Undefined Weak Reference
    __decompress                              - Undefined Weak Reference
    _clock_init                               - Undefined Weak Reference
    _microlib_exit                            - Undefined Weak Reference
    __Vectors_Size                           0x00000130   Number         0  startup_stm32f10x_hd.o ABSOLUTE
    __Vectors                                0x08000000   Data           4  startup_stm32f10x_hd.o(RESET)
    __Vectors_End                            0x08000130   Data           0  startup_stm32f10x_hd.o(RESET)
    __main                                   0x08000131   Thumb Code     0  entry.o(.ARM.Collect$$$$00000000)
    _main_stk                                0x08000131   Thumb Code     0  entry2.o(.ARM.Collect$$$$00000001)
    _main_scatterload                        0x08000135   Thumb Code     0  entry5.o(.ARM.Collect$$$$00000004)
    __main_after_scatterload                 0x08000139   Thumb Code     0  entry5.o(.ARM.Collect$$$$00000004)
    _main_clock                              0x08000139   Thumb Code     0  entry7b.o(.ARM.Collect$$$$00000008)
    _main_cpp_init                           0x08000139   Thumb Code     0  entry8b.o(.ARM.Collect$$$$0000000A)
    _main_init                               0x08000139   Thumb Code     0  entry9a.o(.ARM.Collect$$$$0000000B)
    __rt_final_cpp                           0x08000141   Thumb Code     0  entry10a.o(.ARM.Collect$$$$0000000D)
    __rt_final_exit                          0x08000141   Thumb Code     0  entry11a.o(.ARM.Collect$$$$0000000F)
    Reset_Handler                            0x08000145   Thumb Code     8  startup_stm32f10x_hd.o(.text)
    ADC1_2_IRQHandler                        0x0800015f   Thumb Code     0  startup_stm32f10x_hd.o(.text)
    ADC3_IRQHandler                          0x0800015f   Thumb Code     0  startup_stm32f10x_hd.o(.text)
    CAN1_RX1_IRQHandler                      0x0800015f   Thumb Code     0  startup_stm32f10x_hd.o(.text)
    CAN1_SCE_IRQHandler                      0x0800015f   Thumb Code     0  startup_stm32f10x_hd.o(.text)
    DMA1_Channel1_IRQHandler                 0x0800015f   Thumb Code     0  startup_stm32f10x_hd.o(.text)
    DMA1_Channel2_IRQHandler                 0x0800015f   Thumb Code     0  startup_stm32f10x_hd.o(.text)
    DMA1_Channel3_IRQHandler                 0x0800015f   Thumb Code     0  startup_stm32f10x_hd.o(.text)
    DMA1_Channel4_IRQHandler                 0x0800015f   Thumb Code     0  startup_stm32f10x_hd.o(.text)
    DMA1_Channel5_IRQHandler                 0x0800015f   Thumb Code     0  startup_stm32f10x_hd.o(.text)
    DMA1_Channel6_IRQHandler                 0x0800015f   Thumb Code     0  startup_stm32f10x_hd.o(.text)
    DMA1_Channel7_IRQHandler                 0x0800015f   Thumb Code     0  startup_stm32f10x_hd.o(.text)
    DMA2_Channel1_IRQHandler                 0x0800015f   Thumb Code     0  startup_stm32f10x_hd.o(.text)
    DMA2_Channel2_IRQHandler                 0x0800015f   Thumb Code     0  startup_stm32f10x_hd.o(.text)
    DMA2_Channel3_IRQHandler                 0x0800015f   Thumb Code     0  startup_stm32f10x_hd.o(.text)
    DMA2_Channel4_5_IRQHandler               0x0800015f   Thumb Code     0  startup_stm32f10x_hd.o(.text)
    EXTI0_IRQHandler                         0x0800015f   Thumb Code     0  startup_stm32f10x_hd.o(.text)
    EXTI15_10_IRQHandler                     0x0800015f   Thumb Code     0  startup_stm32f10x_hd.o(.text)
    EXTI1_IRQHandler                         0x0800015f   Thumb Code     0  startup_stm32f10x_hd.o(.text)
    EXTI2_IRQHandler                         0x0800015f   Thumb Code     0  startup_stm32f10x_hd.o(.text)
    EXTI3_IRQHandler                         0x0800015f   Thumb Code     0  startup_stm32f10x_hd.o(.text)
    EXTI4_IRQHandler                         0x0800015f   Thumb Code     0  startup_stm32f10x_hd.o(.text)
    EXTI9_5_IRQHandler                       0x0800015f   Thumb Code     0  startup_stm32f10x_hd.o(.text)
    FLASH_IRQHandler                         0x0800015f   Thumb Code     0  startup_stm32f10x_hd.o(.text)
    FSMC_IRQHandler                          0x0800015f   Thumb Code     0  startup_stm32f10x_hd.o(.text)
    I2C1_ER_IRQHandler                       0x0800015f   Thumb Code     0  startup_stm32f10x_hd.o(.text)
    I2C1_EV_IRQHandler                       0x0800015f   Thumb Code     0  startup_stm32f10x_hd.o(.text)
    I2C2_ER_IRQHandler                       0x0800015f   Thumb Code     0  startup_stm32f10x_hd.o(.text)
    I2C2_EV_IRQHandler                       0x0800015f   Thumb Code     0  startup_stm32f10x_hd.o(.text)
    PVD_IRQHandler                           0x0800015f   Thumb Code     0  startup_stm32f10x_hd.o(.text)
    RCC_IRQHandler                           0x0800015f   Thumb Code     0  startup_stm32f10x_hd.o(.text)
    RTCAlarm_IRQHandler                      0x0800015f   Thumb Code     0  startup_stm32f10x_hd.o(.text)
    RTC_IRQHandler                           0x0800015f   Thumb Code     0  startup_stm32f10x_hd.o(.text)
    SDIO_IRQHandler                          0x0800015f   Thumb Code     0  startup_stm32f10x_hd.o(.text)
    SPI1_IRQHandler                          0x0800015f   Thumb Code     0  startup_stm32f10x_hd.o(.text)
    SPI2_IRQHandler                          0x0800015f   Thumb Code     0  startup_stm32f10x_hd.o(.text)
    SPI3_IRQHandler                          0x0800015f   Thumb Code     0  startup_stm32f10x_hd.o(.text)
    TAMPER_IRQHandler                        0x0800015f   Thumb Code     0  startup_stm32f10x_hd.o(.text)
    TIM1_BRK_IRQHandler                      0x0800015f   Thumb Code     0  startup_stm32f10x_hd.o(.text)
    TIM1_CC_IRQHandler                       0x0800015f   Thumb Code     0  startup_stm32f10x_hd.o(.text)
    TIM1_TRG_COM_IRQHandler                  0x0800015f   Thumb Code     0  startup_stm32f10x_hd.o(.text)
    TIM1_UP_IRQHandler                       0x0800015f   Thumb Code     0  startup_stm32f10x_hd.o(.text)
    TIM5_IRQHandler                          0x0800015f   Thumb Code     0  startup_stm32f10x_hd.o(.text)
    TIM6_IRQHandler                          0x0800015f   Thumb Code     0  startup_stm32f10x_hd.o(.text)
    TIM7_IRQHandler                          0x0800015f   Thumb Code     0  startup_stm32f10x_hd.o(.text)
    TIM8_BRK_IRQHandler                      0x0800015f   Thumb Code     0  startup_stm32f10x_hd.o(.text)
    TIM8_CC_IRQHandler                       0x0800015f   Thumb Code     0  startup_stm32f10x_hd.o(.text)
    TIM8_TRG_COM_IRQHandler                  0x0800015f   Thumb Code     0  startup_stm32f10x_hd.o(.text)
    TIM8_UP_IRQHandler                       0x0800015f   Thumb Code     0  startup_stm32f10x_hd.o(.text)
    UART4_IRQHandler                         0x0800015f   Thumb Code     0  startup_stm32f10x_hd.o(.text)
    UART5_IRQHandler                         0x0800015f   Thumb Code     0  startup_stm32f10x_hd.o(.text)
    USBWakeUp_IRQHandler                     0x0800015f   Thumb Code     0  startup_stm32f10x_hd.o(.text)
    USB_HP_CAN1_TX_IRQHandler                0x0800015f   Thumb Code     0  startup_stm32f10x_hd.o(.text)
    USB_LP_CAN1_RX0_IRQHandler               0x0800015f   Thumb Code     0  startup_stm32f10x_hd.o(.text)
    WWDG_IRQHandler                          0x0800015f   Thumb Code     0  startup_stm32f10x_hd.o(.text)
    __aeabi_memset                           0x08000169   Thumb Code    14  memseta.o(.text)
    __aeabi_memset4                          0x08000169   Thumb Code     0  memseta.o(.text)
    __aeabi_memset8                          0x08000169   Thumb Code     0  memseta.o(.text)
    __aeabi_memclr                           0x08000177   Thumb Code     4  memseta.o(.text)
    __aeabi_memclr4                          0x08000177   Thumb Code     0  memseta.o(.text)
    __aeabi_memclr8                          0x08000177   Thumb Code     0  memseta.o(.text)
    _memset$wrapper                          0x0800017b   Thumb Code    18  memseta.o(.text)
    strcat                                   0x0800018d   Thumb Code    24  strcat.o(.text)
    strstr                                   0x080001a5   Thumb Code    36  strstr.o(.text)
    strlen                                   0x080001c9   Thumb Code    14  strlen.o(.text)
    strcpy                                   0x080001d7   Thumb Code    18  strcpy.o(.text)
    __aeabi_fadd                             0x080001e9   Thumb Code   164  fadd.o(.text)
    __aeabi_fsub                             0x0800028d   Thumb Code     6  fadd.o(.text)
    __aeabi_frsub                            0x08000293   Thumb Code     6  fadd.o(.text)
    __aeabi_fmul                             0x08000299   Thumb Code   100  fmul.o(.text)
    __aeabi_fdiv                             0x080002fd   Thumb Code   124  fdiv.o(.text)
    __aeabi_dadd                             0x08000379   Thumb Code   322  dadd.o(.text)
    __aeabi_dsub                             0x080004bb   Thumb Code     6  dadd.o(.text)
    __aeabi_drsub                            0x080004c1   Thumb Code     6  dadd.o(.text)
    __aeabi_dmul                             0x080004c7   Thumb Code   228  dmul.o(.text)
    __aeabi_ddiv                             0x080005ab   Thumb Code   222  ddiv.o(.text)
    __aeabi_i2f                              0x08000689   Thumb Code    18  fflti.o(.text)
    __aeabi_i2d                              0x0800069b   Thumb Code    34  dflti.o(.text)
    __aeabi_f2iz                             0x080006bd   Thumb Code    50  ffixi.o(.text)
    __aeabi_f2uiz                            0x080006ef   Thumb Code    40  ffixui.o(.text)
    __aeabi_f2d                              0x08000717   Thumb Code    38  f2d.o(.text)
    __aeabi_d2f                              0x0800073d   Thumb Code    56  d2f.o(.text)
    __aeabi_uidiv                            0x08000775   Thumb Code     0  uidiv.o(.text)
    __aeabi_uidivmod                         0x08000775   Thumb Code    44  uidiv.o(.text)
    __aeabi_uldivmod                         0x080007a1   Thumb Code    98  uldiv.o(.text)
    __aeabi_llsl                             0x08000803   Thumb Code    30  llshl.o(.text)
    _ll_shift_l                              0x08000803   Thumb Code     0  llshl.o(.text)
    __aeabi_lasr                             0x08000821   Thumb Code    36  llsshr.o(.text)
    _ll_sshift_r                             0x08000821   Thumb Code     0  llsshr.o(.text)
    __I$use$fp                               0x08000845   Thumb Code     0  iusefp.o(.text)
    _float_round                             0x08000845   Thumb Code    18  fepilogue.o(.text)
    _float_epilogue                          0x08000857   Thumb Code    92  fepilogue.o(.text)
    _double_round                            0x080008b3   Thumb Code    30  depilogue.o(.text)
    _double_epilogue                         0x080008d1   Thumb Code   156  depilogue.o(.text)
    __aeabi_d2ulz                            0x0800096d   Thumb Code    48  dfixul.o(.text)
    __aeabi_cdrcmple                         0x0800099d   Thumb Code    48  cdrcmple.o(.text)
    __scatterload                            0x080009cd   Thumb Code    28  init.o(.text)
    __scatterload_rt2                        0x080009cd   Thumb Code     0  init.o(.text)
    __aeabi_llsr                             0x080009f1   Thumb Code    32  llushr.o(.text)
    _ll_ushift_r                             0x080009f1   Thumb Code     0  llushr.o(.text)
    AT                                       0x08000a11   Thumb Code    52  esp8266.o(i.AT)
    AT_CIPCLOSE                              0x08000a55   Thumb Code    56  esp8266.o(i.AT_CIPCLOSE)
    AT_CIPMUX                                0x08000aa9   Thumb Code    76  esp8266.o(i.AT_CIPMUX)
    AT_CIPSEND                               0x08000b0d   Thumb Code   148  esp8266.o(i.AT_CIPSEND)
    AT_CIPSERVER                             0x08000bbd   Thumb Code    94  esp8266.o(i.AT_CIPSERVER)
    AT_CIPSTART                              0x08000c3d   Thumb Code   144  esp8266.o(i.AT_CIPSTART)
    AT_CWMODE                                0x08000cf5   Thumb Code    76  esp8266.o(i.AT_CWMODE)
    AT_CWQAP                                 0x08000d59   Thumb Code    52  esp8266.o(i.AT_CWQAP)
    AT_CWSAP                                 0x08000da1   Thumb Code   146  esp8266.o(i.AT_CWSAP)
    AT_RST                                   0x08000e59   Thumb Code    52  esp8266.o(i.AT_RST)
    BusFault_Handler                         0x08000ea1   Thumb Code     4  stm32f10x_it.o(i.BusFault_Handler)
    CopeSerial1Data                          0x08000ea5   Thumb Code   422  usart.o(i.CopeSerial1Data)
    CopeSerial2Data                          0x08001089   Thumb Code   236  usart.o(i.CopeSerial2Data)
    CopeSerial3Data                          0x080011a5   Thumb Code   366  usart.o(i.CopeSerial3Data)
    DMA1_USARTX_Init                         0x08001351   Thumb Code   122  dma.o(i.DMA1_USARTX_Init)
    DMA_ClearFlag                            0x080013dd   Thumb Code    18  stm32f10x_dma.o(i.DMA_ClearFlag)
    DMA_Cmd                                  0x080013f9   Thumb Code    24  stm32f10x_dma.o(i.DMA_Cmd)
    DMA_GetFlagStatus                        0x08001411   Thumb Code    36  stm32f10x_dma.o(i.DMA_GetFlagStatus)
    DMA_ITConfig                             0x0800143d   Thumb Code    18  stm32f10x_dma.o(i.DMA_ITConfig)
    DMA_Init                                 0x0800144f   Thumb Code    60  stm32f10x_dma.o(i.DMA_Init)
    DMA_SetCurrDataCounter                   0x0800148b   Thumb Code     4  stm32f10x_dma.o(i.DMA_SetCurrDataCounter)
    DebugMon_Handler                         0x0800148f   Thumb Code     2  stm32f10x_it.o(i.DebugMon_Handler)
    ESP8266_Init                             0x08001491   Thumb Code    24  esp8266.o(i.ESP8266_Init)
    FLASH_ErasePage                          0x080014bd   Thumb Code    72  stm32f10x_flash.o(i.FLASH_ErasePage)
    FLASH_GetBank1Status                     0x08001509   Thumb Code    48  stm32f10x_flash.o(i.FLASH_GetBank1Status)
    FLASH_Lock                               0x0800153d   Thumb Code    14  stm32f10x_flash.o(i.FLASH_Lock)
    FLASH_ProgramHalfWord                    0x08001551   Thumb Code    60  stm32f10x_flash.o(i.FLASH_ProgramHalfWord)
    FLASH_Unlock                             0x08001591   Thumb Code    12  stm32f10x_flash.o(i.FLASH_Unlock)
    FLASH_WaitForLastOperation               0x080015a9   Thumb Code    38  stm32f10x_flash.o(i.FLASH_WaitForLastOperation)
    GPIO_Init                                0x080015cf   Thumb Code   278  stm32f10x_gpio.o(i.GPIO_Init)
    GPIO_ResetBits                           0x080016e5   Thumb Code     4  stm32f10x_gpio.o(i.GPIO_ResetBits)
    GPIO_SetBits                             0x080016e9   Thumb Code     4  stm32f10x_gpio.o(i.GPIO_SetBits)
    HardFault_Handler                        0x080016ed   Thumb Code     4  stm32f10x_it.o(i.HardFault_Handler)
    LED_Init                                 0x080016f1   Thumb Code    50  led.o(i.LED_Init)
    MemManage_Handler                        0x08001729   Thumb Code     4  stm32f10x_it.o(i.MemManage_Handler)
    NMI_Handler                              0x0800172d   Thumb Code     2  stm32f10x_it.o(i.NMI_Handler)
    NVIC_Init                                0x08001731   Thumb Code   100  misc.o(i.NVIC_Init)
    NVIC_PriorityGroupConfig                 0x080017a1   Thumb Code    10  misc.o(i.NVIC_PriorityGroupConfig)
    PID_changeAngle                          0x080017b5   Thumb Code    80  pidyaw.o(i.PID_changeAngle)
    PendSV_Handler                           0x08001815   Thumb Code     2  stm32f10x_it.o(i.PendSV_Handler)
    RCC_AHBPeriphClockCmd                    0x08001819   Thumb Code    26  stm32f10x_rcc.o(i.RCC_AHBPeriphClockCmd)
    RCC_APB1PeriphClockCmd                   0x08001839   Thumb Code    26  stm32f10x_rcc.o(i.RCC_APB1PeriphClockCmd)
    RCC_APB2PeriphClockCmd                   0x08001859   Thumb Code    26  stm32f10x_rcc.o(i.RCC_APB2PeriphClockCmd)
    RCC_GetClocksFreq                        0x08001879   Thumb Code   192  stm32f10x_rcc.o(i.RCC_GetClocksFreq)
    STM32_FLASH_Read                         0x0800194d   Thumb Code    34  stm32_flash.o(i.STM32_FLASH_Read)
    STM32_FLASH_ReadHalfWord                 0x0800196f   Thumb Code     6  stm32_flash.o(i.STM32_FLASH_ReadHalfWord)
    STM32_FLASH_Write                        0x08001975   Thumb Code   222  stm32_flash.o(i.STM32_FLASH_Write)
    STM32_FLASH_Write_NoCheck                0x08001a5d   Thumb Code    38  stm32_flash.o(i.STM32_FLASH_Write_NoCheck)
    SVC_Handler                              0x08001a83   Thumb Code     2  stm32f10x_it.o(i.SVC_Handler)
    Send_Data                                0x08001a85   Thumb Code    48  dma.o(i.Send_Data)
    Start_Station                            0x08001ba1   Thumb Code    46  esp8266.o(i.Start_Station)
    String_Compare                           0x08001bd5   Thumb Code    84  public.o(i.String_Compare)
    SysTick_CLKSourceConfig                  0x08001c29   Thumb Code    40  misc.o(i.SysTick_CLKSourceConfig)
    SysTick_Handler                          0x08001c51   Thumb Code     2  stm32f10x_it.o(i.SysTick_Handler)
    SysTick_Init                             0x08001c55   Thumb Code    52  systick.o(i.SysTick_Init)
    SystemInit                               0x08001c91   Thumb Code    78  system_stm32f10x.o(i.SystemInit)
    TIM2_IRQHandler                          0x08001cf1   Thumb Code     2  pidyaw.o(i.TIM2_IRQHandler)
    TIM3_IRQHandler                          0x08001cf5   Thumb Code   184  motor.o(i.TIM3_IRQHandler)
    TIM4_IRQHandler                          0x08001dc5   Thumb Code   160  servo.o(i.TIM4_IRQHandler)
    TIM_ClearITPendingBit                    0x08001e7d   Thumb Code     6  stm32f10x_tim.o(i.TIM_ClearITPendingBit)
    TIM_Cmd                                  0x08001e83   Thumb Code    24  stm32f10x_tim.o(i.TIM_Cmd)
    TIM_GetITStatus                          0x08001e9b   Thumb Code    34  stm32f10x_tim.o(i.TIM_GetITStatus)
    TIM_ITConfig                             0x08001ebd   Thumb Code    18  stm32f10x_tim.o(i.TIM_ITConfig)
    TIM_TimeBaseInit                         0x08001ed1   Thumb Code   122  stm32f10x_tim.o(i.TIM_TimeBaseInit)
    Turn_AP                                  0x08001f75   Thumb Code    86  esp8266.o(i.Turn_AP)
    UART2_Put_Char                           0x08001ffd   Thumb Code    34  usart.o(i.UART2_Put_Char)
    UART2_Put_String                         0x0800202d   Thumb Code    22  usart.o(i.UART2_Put_String)
    USART1_IRQHandler                        0x08002045   Thumb Code    50  usart.o(i.USART1_IRQHandler)
    USART2_IRQHandler                        0x08002081   Thumb Code   128  usart.o(i.USART2_IRQHandler)
    USART2_Init                              0x08002111   Thumb Code   172  usart.o(i.USART2_Init)
    USART3_IRQHandler                        0x080021c5   Thumb Code   166  dma.o(i.USART3_IRQHandler)
    USART3_Init                              0x080022b5   Thumb Code   186  usart.o(i.USART3_Init)
    USART_ClearFlag                          0x08002379   Thumb Code    18  stm32f10x_usart.o(i.USART_ClearFlag)
    USART_ClearITPendingBit                  0x0800238b   Thumb Code    30  stm32f10x_usart.o(i.USART_ClearITPendingBit)
    USART_Cmd                                0x080023a9   Thumb Code    24  stm32f10x_usart.o(i.USART_Cmd)
    USART_DMACmd                             0x080023c1   Thumb Code    18  stm32f10x_usart.o(i.USART_DMACmd)
    USART_GetFlagStatus                      0x080023d3   Thumb Code    26  stm32f10x_usart.o(i.USART_GetFlagStatus)
    USART_GetITStatus                        0x080023ed   Thumb Code    84  stm32f10x_usart.o(i.USART_GetITStatus)
    USART_ITConfig                           0x08002441   Thumb Code    74  stm32f10x_usart.o(i.USART_ITConfig)
    USART_Init                               0x0800248d   Thumb Code   210  stm32f10x_usart.o(i.USART_Init)
    USART_ReceiveData                        0x08002565   Thumb Code    10  stm32f10x_usart.o(i.USART_ReceiveData)
    USART_SendData                           0x0800256f   Thumb Code     8  stm32f10x_usart.o(i.USART_SendData)
    UsageFault_Handler                       0x08002577   Thumb Code     4  stm32f10x_it.o(i.UsageFault_Handler)
    __0printf                                0x0800257d   Thumb Code    22  printfa.o(i.__0printf)
    __1printf                                0x0800257d   Thumb Code     0  printfa.o(i.__0printf)
    __2printf                                0x0800257d   Thumb Code     0  printfa.o(i.__0printf)
    __c89printf                              0x0800257d   Thumb Code     0  printfa.o(i.__0printf)
    printf                                   0x0800257d   Thumb Code     0  printfa.o(i.__0printf)
    __scatterload_copy                       0x0800259d   Thumb Code    14  handlers.o(i.__scatterload_copy)
    __scatterload_null                       0x080025ab   Thumb Code     2  handlers.o(i.__scatterload_null)
    __scatterload_zeroinit                   0x080025ad   Thumb Code    14  handlers.o(i.__scatterload_zeroinit)
    changeAngle                              0x08002e51   Thumb Code   100  servo.o(i.changeAngle)
    controlMotor                             0x08002ecd   Thumb Code   142  motor.o(i.controlMotor)
    controlSpeed                             0x08002f61   Thumb Code   100  motor.o(i.controlSpeed)
    delay_ms                                 0x08002fd5   Thumb Code    72  systick.o(i.delay_ms)
    fputc                                    0x08003021   Thumb Code    32  usart.o(i.fputc)
    main                                     0x08003045   Thumb Code   274  main.o(i.main)
    motorInit                                0x080031c1   Thumb Code   194  motor.o(i.motorInit)
    pid_iterate                              0x080032a5   Thumb Code   196  pid.o(i.pid_iterate)
    servoInit                                0x08003369   Thumb Code   176  servo.o(i.servoInit)
    yawPID_Init                              0x08003431   Thumb Code    96  pidyaw.o(i.yawPID_Init)
    Region$$Table$$Base                      0x080034b4   Number         0  anon$$obj.o(Region$$Table)
    Region$$Table$$Limit                     0x080034d4   Number         0  anon$$obj.o(Region$$Table)
    YawTarget                                0x20000016   Data           2  usart.o(.data)
    tim4_hper                                0x2000001a   Data           2  servo.o(.data)
    tim4_lper                                0x2000001c   Data           2  servo.o(.data)
    tim4_psc                                 0x2000001e   Data           2  servo.o(.data)
    pwm1_status                              0x20000020   Data           1  servo.o(.data)
    tim3_hper                                0x20000022   Data           2  motor.o(.data)
    tim3_lper                                0x20000024   Data           2  motor.o(.data)
    tim3_psc                                 0x20000026   Data           2  motor.o(.data)
    pwm3_status                              0x20000028   Data           1  motor.o(.data)
    car_speed                                0x20000029   Data           1  motor.o(.data)
    stcTime                                  0x2000002c   Data           8  jy901.o(.data)
    stcAcc                                   0x20000034   Data           8  jy901.o(.data)
    stcGyro                                  0x2000003c   Data           8  jy901.o(.data)
    stcAngle                                 0x20000044   Data           8  jy901.o(.data)
    stcMag                                   0x2000004c   Data           8  jy901.o(.data)
    stcDStatus                               0x20000054   Data           8  jy901.o(.data)
    stcPress                                 0x2000005c   Data           8  jy901.o(.data)
    stcLonLat                                0x20000064   Data           8  jy901.o(.data)
    stcGPSV                                  0x2000006c   Data           8  jy901.o(.data)
    stcQ                                     0x20000074   Data           8  jy901.o(.data)
    ACCCALSW                                 0x2000007c   Data           5  jy901.o(.data)
    SAVACALSW                                0x20000081   Data           5  jy901.o(.data)
    SETALG6                                  0x20000086   Data           6  jy901.o(.data)
    OPENAUTOGYRO                             0x2000008c   Data           6  jy901.o(.data)
    ZTOZERO                                  0x20000092   Data           6  jy901.o(.data)
    UNLOCK                                   0x20000098   Data           6  jy901.o(.data)
    YAW                                      0x200000a0   Data           4  jy901.o(.data)
    KP1                                      0x200000a4   Data           4  pidyaw.o(.data)
    KI1                                      0x200000a8   Data           4  pidyaw.o(.data)
    KD1                                      0x200000ac   Data           4  pidyaw.o(.data)
    TAG_OK                                   0x200000b0   Data           1  esp8266.o(.data)
    TCP_CONTINUE                             0x200000b1   Data           1  esp8266.o(.data)
    CUT_CONNECT_STATION                      0x200000b2   Data           1  esp8266.o(.data)
    CONNECT_AP                               0x200000b3   Data           1  esp8266.o(.data)
    WIFI_MODE                                0x200000b4   Data           1  esp8266.o(.data)
    __stdout                                 0x200000bc   Data           4  stdout.o(.data)
    yaw_pid_calibration                      0x200003b8   Data          24  pidyaw.o(.bss)
    yaw_pid_state                            0x200003d0   Data          48  pidyaw.o(.bss)
    STM32_FLASH_BUF                          0x20000400   Data        1024  stm32_flash.o(.bss)
    send_buffer                              0x20000800   Data        2333  dma.o(.bss)
    receive_buffer                           0x2000111d   Data        2333  dma.o(.bss)
    __initial_sp                             0x20001e40   Data           0  startup_stm32f10x_hd.o(STACK)



==============================================================================

Memory Map of the image

  Image Entry point : 0x08000131

  Load Region LR_IROM1 (Base: 0x08000000, Size: 0x00003594, Max: 0x00010000, ABSOLUTE)

    Execution Region ER_IROM1 (Exec base: 0x08000000, Load base: 0x08000000, Size: 0x000034d4, Max: 0x00010000, ABSOLUTE)

    Exec Addr    Load Addr    Size         Type   Attr      Idx    E Section Name        Object

    0x08000000   0x08000000   0x00000130   Data   RO          236    RESET               startup_stm32f10x_hd.o
    0x08000130   0x08000130   0x00000000   Code   RO         2122  * .ARM.Collect$$$$00000000  mc_w.l(entry.o)
    0x08000130   0x08000130   0x00000004   Code   RO         2420    .ARM.Collect$$$$00000001  mc_w.l(entry2.o)
    0x08000134   0x08000134   0x00000004   Code   RO         2423    .ARM.Collect$$$$00000004  mc_w.l(entry5.o)
    0x08000138   0x08000138   0x00000000   Code   RO         2425    .ARM.Collect$$$$00000008  mc_w.l(entry7b.o)
    0x08000138   0x08000138   0x00000000   Code   RO         2427    .ARM.Collect$$$$0000000A  mc_w.l(entry8b.o)
    0x08000138   0x08000138   0x00000008   Code   RO         2428    .ARM.Collect$$$$0000000B  mc_w.l(entry9a.o)
    0x08000140   0x08000140   0x00000000   Code   RO         2430    .ARM.Collect$$$$0000000D  mc_w.l(entry10a.o)
    0x08000140   0x08000140   0x00000000   Code   RO         2432    .ARM.Collect$$$$0000000F  mc_w.l(entry11a.o)
    0x08000140   0x08000140   0x00000004   Code   RO         2421    .ARM.Collect$$$$00002712  mc_w.l(entry2.o)
    0x08000144   0x08000144   0x00000024   Code   RO          237    .text               startup_stm32f10x_hd.o
    0x08000168   0x08000168   0x00000024   Code   RO         2125    .text               mc_w.l(memseta.o)
    0x0800018c   0x0800018c   0x00000018   Code   RO         2127    .text               mc_w.l(strcat.o)
    0x080001a4   0x080001a4   0x00000024   Code   RO         2129    .text               mc_w.l(strstr.o)
    0x080001c8   0x080001c8   0x0000000e   Code   RO         2131    .text               mc_w.l(strlen.o)
    0x080001d6   0x080001d6   0x00000012   Code   RO         2133    .text               mc_w.l(strcpy.o)
    0x080001e8   0x080001e8   0x000000b0   Code   RO         2396    .text               mf_w.l(fadd.o)
    0x08000298   0x08000298   0x00000064   Code   RO         2398    .text               mf_w.l(fmul.o)
    0x080002fc   0x080002fc   0x0000007c   Code   RO         2400    .text               mf_w.l(fdiv.o)
    0x08000378   0x08000378   0x0000014e   Code   RO         2402    .text               mf_w.l(dadd.o)
    0x080004c6   0x080004c6   0x000000e4   Code   RO         2404    .text               mf_w.l(dmul.o)
    0x080005aa   0x080005aa   0x000000de   Code   RO         2406    .text               mf_w.l(ddiv.o)
    0x08000688   0x08000688   0x00000012   Code   RO         2408    .text               mf_w.l(fflti.o)
    0x0800069a   0x0800069a   0x00000022   Code   RO         2410    .text               mf_w.l(dflti.o)
    0x080006bc   0x080006bc   0x00000032   Code   RO         2412    .text               mf_w.l(ffixi.o)
    0x080006ee   0x080006ee   0x00000028   Code   RO         2414    .text               mf_w.l(ffixui.o)
    0x08000716   0x08000716   0x00000026   Code   RO         2416    .text               mf_w.l(f2d.o)
    0x0800073c   0x0800073c   0x00000038   Code   RO         2418    .text               mf_w.l(d2f.o)
    0x08000774   0x08000774   0x0000002c   Code   RO         2435    .text               mc_w.l(uidiv.o)
    0x080007a0   0x080007a0   0x00000062   Code   RO         2437    .text               mc_w.l(uldiv.o)
    0x08000802   0x08000802   0x0000001e   Code   RO         2439    .text               mc_w.l(llshl.o)
    0x08000820   0x08000820   0x00000024   Code   RO         2441    .text               mc_w.l(llsshr.o)
    0x08000844   0x08000844   0x00000000   Code   RO         2443    .text               mc_w.l(iusefp.o)
    0x08000844   0x08000844   0x0000006e   Code   RO         2444    .text               mf_w.l(fepilogue.o)
    0x080008b2   0x080008b2   0x000000ba   Code   RO         2446    .text               mf_w.l(depilogue.o)
    0x0800096c   0x0800096c   0x00000030   Code   RO         2448    .text               mf_w.l(dfixul.o)
    0x0800099c   0x0800099c   0x00000030   Code   RO         2450    .text               mf_w.l(cdrcmple.o)
    0x080009cc   0x080009cc   0x00000024   Code   RO         2452    .text               mc_w.l(init.o)
    0x080009f0   0x080009f0   0x00000020   Code   RO         2454    .text               mc_w.l(llushr.o)
    0x08000a10   0x08000a10   0x00000044   Code   RO         1926    i.AT                esp8266.o
    0x08000a54   0x08000a54   0x00000054   Code   RO         1927    i.AT_CIPCLOSE       esp8266.o
    0x08000aa8   0x08000aa8   0x00000064   Code   RO         1928    i.AT_CIPMUX         esp8266.o
    0x08000b0c   0x08000b0c   0x000000b0   Code   RO         1929    i.AT_CIPSEND        esp8266.o
    0x08000bbc   0x08000bbc   0x00000080   Code   RO         1930    i.AT_CIPSERVER      esp8266.o
    0x08000c3c   0x08000c3c   0x000000b8   Code   RO         1931    i.AT_CIPSTART       esp8266.o
    0x08000cf4   0x08000cf4   0x00000064   Code   RO         1933    i.AT_CWMODE         esp8266.o
    0x08000d58   0x08000d58   0x00000048   Code   RO         1934    i.AT_CWQAP          esp8266.o
    0x08000da0   0x08000da0   0x000000b8   Code   RO         1935    i.AT_CWSAP          esp8266.o
    0x08000e58   0x08000e58   0x00000048   Code   RO         1936    i.AT_RST            esp8266.o
    0x08000ea0   0x08000ea0   0x00000004   Code   RO          149    i.BusFault_Handler  stm32f10x_it.o
    0x08000ea4   0x08000ea4   0x000001e4   Code   RO         1664    i.CopeSerial1Data   usart.o
    0x08001088   0x08001088   0x0000011c   Code   RO         1665    i.CopeSerial2Data   usart.o
    0x080011a4   0x080011a4   0x000001ac   Code   RO         1666    i.CopeSerial3Data   usart.o
    0x08001350   0x08001350   0x0000008c   Code   RO         2023    i.DMA1_USARTX_Init  dma.o
    0x080013dc   0x080013dc   0x0000001c   Code   RO         1548    i.DMA_ClearFlag     stm32f10x_dma.o
    0x080013f8   0x080013f8   0x00000018   Code   RO         1550    i.DMA_Cmd           stm32f10x_dma.o
    0x08001410   0x08001410   0x0000002c   Code   RO         1553    i.DMA_GetFlagStatus  stm32f10x_dma.o
    0x0800143c   0x0800143c   0x00000012   Code   RO         1555    i.DMA_ITConfig      stm32f10x_dma.o
    0x0800144e   0x0800144e   0x0000003c   Code   RO         1556    i.DMA_Init          stm32f10x_dma.o
    0x0800148a   0x0800148a   0x00000004   Code   RO         1557    i.DMA_SetCurrDataCounter  stm32f10x_dma.o
    0x0800148e   0x0800148e   0x00000002   Code   RO          150    i.DebugMon_Handler  stm32f10x_it.o
    0x08001490   0x08001490   0x0000002c   Code   RO         1937    i.ESP8266_Init      esp8266.o
    0x080014bc   0x080014bc   0x0000004c   Code   RO         1379    i.FLASH_ErasePage   stm32f10x_flash.o
    0x08001508   0x08001508   0x00000034   Code   RO         1380    i.FLASH_GetBank1Status  stm32f10x_flash.o
    0x0800153c   0x0800153c   0x00000014   Code   RO         1389    i.FLASH_Lock        stm32f10x_flash.o
    0x08001550   0x08001550   0x00000040   Code   RO         1392    i.FLASH_ProgramHalfWord  stm32f10x_flash.o
    0x08001590   0x08001590   0x00000018   Code   RO         1397    i.FLASH_Unlock      stm32f10x_flash.o
    0x080015a8   0x080015a8   0x00000026   Code   RO         1401    i.FLASH_WaitForLastOperation  stm32f10x_flash.o
    0x080015ce   0x080015ce   0x00000116   Code   RO          248    i.GPIO_Init         stm32f10x_gpio.o
    0x080016e4   0x080016e4   0x00000004   Code   RO          255    i.GPIO_ResetBits    stm32f10x_gpio.o
    0x080016e8   0x080016e8   0x00000004   Code   RO          256    i.GPIO_SetBits      stm32f10x_gpio.o
    0x080016ec   0x080016ec   0x00000004   Code   RO          151    i.HardFault_Handler  stm32f10x_it.o
    0x080016f0   0x080016f0   0x00000038   Code   RO         1747    i.LED_Init          led.o
    0x08001728   0x08001728   0x00000004   Code   RO          152    i.MemManage_Handler  stm32f10x_it.o
    0x0800172c   0x0800172c   0x00000002   Code   RO          153    i.NMI_Handler       stm32f10x_it.o
    0x0800172e   0x0800172e   0x00000002   PAD
    0x08001730   0x08001730   0x00000070   Code   RO          556    i.NVIC_Init         misc.o
    0x080017a0   0x080017a0   0x00000014   Code   RO          557    i.NVIC_PriorityGroupConfig  misc.o
    0x080017b4   0x080017b4   0x00000060   Code   RO         1853    i.PID_changeAngle   pidyaw.o
    0x08001814   0x08001814   0x00000002   Code   RO          154    i.PendSV_Handler    stm32f10x_it.o
    0x08001816   0x08001816   0x00000002   PAD
    0x08001818   0x08001818   0x00000020   Code   RO          357    i.RCC_AHBPeriphClockCmd  stm32f10x_rcc.o
    0x08001838   0x08001838   0x00000020   Code   RO          358    i.RCC_APB1PeriphClockCmd  stm32f10x_rcc.o
    0x08001858   0x08001858   0x00000020   Code   RO          360    i.RCC_APB2PeriphClockCmd  stm32f10x_rcc.o
    0x08001878   0x08001878   0x000000d4   Code   RO          368    i.RCC_GetClocksFreq  stm32f10x_rcc.o
    0x0800194c   0x0800194c   0x00000022   Code   RO         1890    i.STM32_FLASH_Read  stm32_flash.o
    0x0800196e   0x0800196e   0x00000006   Code   RO         1891    i.STM32_FLASH_ReadHalfWord  stm32_flash.o
    0x08001974   0x08001974   0x000000e8   Code   RO         1892    i.STM32_FLASH_Write  stm32_flash.o
    0x08001a5c   0x08001a5c   0x00000026   Code   RO         1893    i.STM32_FLASH_Write_NoCheck  stm32_flash.o
    0x08001a82   0x08001a82   0x00000002   Code   RO          155    i.SVC_Handler       stm32f10x_it.o
    0x08001a84   0x08001a84   0x00000034   Code   RO         2024    i.Send_Data         dma.o
    0x08001ab8   0x08001ab8   0x00000008   Code   RO         1620    i.SetSysClock       system_stm32f10x.o
    0x08001ac0   0x08001ac0   0x000000e0   Code   RO         1621    i.SetSysClockTo72   system_stm32f10x.o
    0x08001ba0   0x08001ba0   0x00000034   Code   RO         1938    i.Start_Station     esp8266.o
    0x08001bd4   0x08001bd4   0x00000054   Code   RO         2107    i.String_Compare    public.o
    0x08001c28   0x08001c28   0x00000028   Code   RO          560    i.SysTick_CLKSourceConfig  misc.o
    0x08001c50   0x08001c50   0x00000002   Code   RO          156    i.SysTick_Handler   stm32f10x_it.o
    0x08001c52   0x08001c52   0x00000002   PAD
    0x08001c54   0x08001c54   0x0000003c   Code   RO         2066    i.SysTick_Init      systick.o
    0x08001c90   0x08001c90   0x00000060   Code   RO         1623    i.SystemInit        system_stm32f10x.o
    0x08001cf0   0x08001cf0   0x00000002   Code   RO         1854    i.TIM2_IRQHandler   pidyaw.o
    0x08001cf2   0x08001cf2   0x00000002   PAD
    0x08001cf4   0x08001cf4   0x000000d0   Code   RO         1798    i.TIM3_IRQHandler   motor.o
    0x08001dc4   0x08001dc4   0x000000b8   Code   RO         1762    i.TIM4_IRQHandler   servo.o
    0x08001e7c   0x08001e7c   0x00000006   Code   RO          657    i.TIM_ClearITPendingBit  stm32f10x_tim.o
    0x08001e82   0x08001e82   0x00000018   Code   RO          662    i.TIM_Cmd           stm32f10x_tim.o
    0x08001e9a   0x08001e9a   0x00000022   Code   RO          683    i.TIM_GetITStatus   stm32f10x_tim.o
    0x08001ebc   0x08001ebc   0x00000012   Code   RO          687    i.TIM_ITConfig      stm32f10x_tim.o
    0x08001ece   0x08001ece   0x00000002   PAD
    0x08001ed0   0x08001ed0   0x000000a4   Code   RO          733    i.TIM_TimeBaseInit  stm32f10x_tim.o
    0x08001f74   0x08001f74   0x00000088   Code   RO         1939    i.Turn_AP           esp8266.o
    0x08001ffc   0x08001ffc   0x00000030   Code   RO         1667    i.UART2_Put_Char    usart.o
    0x0800202c   0x0800202c   0x00000016   Code   RO         1668    i.UART2_Put_String  usart.o
    0x08002042   0x08002042   0x00000002   PAD
    0x08002044   0x08002044   0x0000003c   Code   RO         1669    i.USART1_IRQHandler  usart.o
    0x08002080   0x08002080   0x00000090   Code   RO         1671    i.USART2_IRQHandler  usart.o
    0x08002110   0x08002110   0x000000b4   Code   RO         1672    i.USART2_Init       usart.o
    0x080021c4   0x080021c4   0x000000f0   Code   RO         2025    i.USART3_IRQHandler  dma.o
    0x080022b4   0x080022b4   0x000000c4   Code   RO         1673    i.USART3_Init       usart.o
    0x08002378   0x08002378   0x00000012   Code   RO         1194    i.USART_ClearFlag   stm32f10x_usart.o
    0x0800238a   0x0800238a   0x0000001e   Code   RO         1195    i.USART_ClearITPendingBit  stm32f10x_usart.o
    0x080023a8   0x080023a8   0x00000018   Code   RO         1198    i.USART_Cmd         stm32f10x_usart.o
    0x080023c0   0x080023c0   0x00000012   Code   RO         1199    i.USART_DMACmd      stm32f10x_usart.o
    0x080023d2   0x080023d2   0x0000001a   Code   RO         1201    i.USART_GetFlagStatus  stm32f10x_usart.o
    0x080023ec   0x080023ec   0x00000054   Code   RO         1202    i.USART_GetITStatus  stm32f10x_usart.o
    0x08002440   0x08002440   0x0000004a   Code   RO         1204    i.USART_ITConfig    stm32f10x_usart.o
    0x0800248a   0x0800248a   0x00000002   PAD
    0x0800248c   0x0800248c   0x000000d8   Code   RO         1205    i.USART_Init        stm32f10x_usart.o
    0x08002564   0x08002564   0x0000000a   Code   RO         1212    i.USART_ReceiveData  stm32f10x_usart.o
    0x0800256e   0x0800256e   0x00000008   Code   RO         1215    i.USART_SendData    stm32f10x_usart.o
    0x08002576   0x08002576   0x00000004   Code   RO          157    i.UsageFault_Handler  stm32f10x_it.o
    0x0800257a   0x0800257a   0x00000002   PAD
    0x0800257c   0x0800257c   0x00000020   Code   RO         2368    i.__0printf         mc_w.l(printfa.o)
    0x0800259c   0x0800259c   0x0000000e   Code   RO         2458    i.__scatterload_copy  mc_w.l(handlers.o)
    0x080025aa   0x080025aa   0x00000002   Code   RO         2459    i.__scatterload_null  mc_w.l(handlers.o)
    0x080025ac   0x080025ac   0x0000000e   Code   RO         2460    i.__scatterload_zeroinit  mc_w.l(handlers.o)
    0x080025ba   0x080025ba   0x00000002   PAD
    0x080025bc   0x080025bc   0x00000164   Code   RO         2375    i._fp_digits        mc_w.l(printfa.o)
    0x08002720   0x08002720   0x000006dc   Code   RO         2376    i._printf_core      mc_w.l(printfa.o)
    0x08002dfc   0x08002dfc   0x00000024   Code   RO         2377    i._printf_post_padding  mc_w.l(printfa.o)
    0x08002e20   0x08002e20   0x0000002e   Code   RO         2378    i._printf_pre_padding  mc_w.l(printfa.o)
    0x08002e4e   0x08002e4e   0x00000002   PAD
    0x08002e50   0x08002e50   0x0000007c   Code   RO         1763    i.changeAngle       servo.o
    0x08002ecc   0x08002ecc   0x00000094   Code   RO         1799    i.controlMotor      motor.o
    0x08002f60   0x08002f60   0x00000074   Code   RO         1800    i.controlSpeed      motor.o
    0x08002fd4   0x08002fd4   0x0000004c   Code   RO         2067    i.delay_ms          systick.o
    0x08003020   0x08003020   0x00000024   Code   RO         1674    i.fputc             usart.o
    0x08003044   0x08003044   0x0000017c   Code   RO            1    i.main              main.o
    0x080031c0   0x080031c0   0x000000e4   Code   RO         1801    i.motorInit         motor.o
    0x080032a4   0x080032a4   0x000000c4   Code   RO         2092    i.pid_iterate       pid.o
    0x08003368   0x08003368   0x000000c8   Code   RO         1764    i.servoInit         servo.o
    0x08003430   0x08003430   0x00000084   Code   RO         1856    i.yawPID_Init       pidyaw.o
    0x080034b4   0x080034b4   0x00000020   Data   RO         2456    Region$$Table       anon$$obj.o


    Execution Region RW_IRAM1 (Exec base: 0x20000000, Load base: 0x080034d4, Size: 0x00001e40, Max: 0x00005000, ABSOLUTE)

    Exec Addr    Load Addr    Size         Type   Attr      Idx    E Section Name        Object

    0x20000000   0x080034d4   0x00000014   Data   RW          388    .data               stm32f10x_rcc.o
    0x20000014   0x080034e8   0x00000006   Data   RW         1676    .data               usart.o
    0x2000001a   0x080034ee   0x00000007   Data   RW         1766    .data               servo.o
    0x20000021   0x080034f5   0x00000001   PAD
    0x20000022   0x080034f6   0x00000008   Data   RW         1802    .data               motor.o
    0x2000002a   0x080034fe   0x00000002   PAD
    0x2000002c   0x08003500   0x00000078   Data   RW         1837    .data               jy901.o
    0x200000a4   0x08003578   0x0000000c   Data   RW         1858    .data               pidyaw.o
    0x200000b0   0x08003584   0x00000005   Data   RW         1940    .data               esp8266.o
    0x200000b5   0x08003589   0x00000001   PAD
    0x200000b6   0x0800358a   0x00000004   Data   RW         2069    .data               systick.o
    0x200000ba   0x0800358e   0x00000002   PAD
    0x200000bc   0x08003590   0x00000004   Data   RW         2434    .data               mc_w.l(stdout.o)
    0x200000c0        -       0x000002f4   Zero   RW         1675    .bss                usart.o
    0x200003b4   0x08003594   0x00000004   PAD
    0x200003b8        -       0x00000048   Zero   RW         1857    .bss                pidyaw.o
    0x20000400        -       0x00000400   Zero   RW         1894    .bss                stm32_flash.o
    0x20000800        -       0x0000123a   Zero   RW         2026    .bss                dma.o
    0x20001a3a   0x08003594   0x00000006   PAD
    0x20001a40        -       0x00000400   Zero   RW          234    STACK               startup_stm32f10x_hd.o


==============================================================================

Image component sizes


      Code (inc. data)   RO Data    RW Data    ZI Data      Debug   Object Name

       432         96          0          0       4666       2166   dma.o
      1400        348          0          5          0       7712   esp8266.o
         0          0          0        120          0       2875   jy901.o
        56          6          0          0          0        443   led.o
       380        106          0          0          0     270051   main.o
       172         22          0          0          0       2113   misc.o
       700         80          0          8          0       2509   motor.o
       196          0          0          0          0       1422   pid.o
       230         52          0         12         72       1702   pidyaw.o
        84          0          0          0          0        849   public.o
       508         72          0          7          0       2003   servo.o
        36          8        304          0       1024        816   startup_stm32f10x_hd.o
       310         10          0          0       1024       3324   stm32_flash.o
       178         18          0          0          0       5125   stm32f10x_dma.o
       274         30          0          0          0       3474   stm32f10x_flash.o
       286          0          0          0          0       3080   stm32f10x_gpio.o
        26          0          0          0          0       3550   stm32f10x_it.o
       308         38          0         20          0       5062   stm32f10x_rcc.o
       246         42          0          0          0       3626   stm32f10x_tim.o
       508          6          0          0          0       8060   stm32f10x_usart.o
       328         28          0          0          0       1825   system_stm32f10x.o
       136         12          0          4          0       1126   systick.o
      1882        244          0          6        756       6643   usart.o

    ----------------------------------------------------------------------
      8692       1218        336        188       7552     339556   Object Totals
         0          0         32          0          0          0   (incl. Generated)
        16          0          0          6         10          0   (incl. Padding)

    ----------------------------------------------------------------------

      Code (inc. data)   RO Data    RW Data    ZI Data      Debug   Library Member Name

         0          0          0          0          0          0   entry.o
         0          0          0          0          0          0   entry10a.o
         0          0          0          0          0          0   entry11a.o
         8          4          0          0          0          0   entry2.o
         4          0          0          0          0          0   entry5.o
         0          0          0          0          0          0   entry7b.o
         0          0          0          0          0          0   entry8b.o
         8          4          0          0          0          0   entry9a.o
        30          0          0          0          0          0   handlers.o
        36          8          0          0          0         68   init.o
         0          0          0          0          0          0   iusefp.o
        30          0          0          0          0         68   llshl.o
        36          0          0          0          0         68   llsshr.o
        32          0          0          0          0         68   llushr.o
        36          0          0          0          0        108   memseta.o
      2226         90          0          0          0        444   printfa.o
         0          0          0          4          0          0   stdout.o
        24          0          0          0          0         68   strcat.o
        18          0          0          0          0         68   strcpy.o
        14          0          0          0          0         68   strlen.o
        36          0          0          0          0         80   strstr.o
        44          0          0          0          0         80   uidiv.o
        98          0          0          0          0         92   uldiv.o
        48          0          0          0          0         68   cdrcmple.o
        56          0          0          0          0         88   d2f.o
       334          0          0          0          0        148   dadd.o
       222          0          0          0          0        100   ddiv.o
       186          0          0          0          0        176   depilogue.o
        48          0          0          0          0         68   dfixul.o
        34          0          0          0          0         76   dflti.o
       228          0          0          0          0         96   dmul.o
        38          0          0          0          0         68   f2d.o
       176          0          0          0          0        140   fadd.o
       124          0          0          0          0         88   fdiv.o
       110          0          0          0          0        168   fepilogue.o
        50          0          0          0          0         68   ffixi.o
        40          0          0          0          0         68   ffixui.o
        18          0          0          0          0         68   fflti.o
       100          0          0          0          0         76   fmul.o

    ----------------------------------------------------------------------
      4496        106          0          4          0       2844   Library Totals
         4          0          0          0          0          0   (incl. Padding)

    ----------------------------------------------------------------------

      Code (inc. data)   RO Data    RW Data    ZI Data      Debug   Library Name

      2680        106          0          4          0       1280   mc_w.l
      1812          0          0          0          0       1564   mf_w.l

    ----------------------------------------------------------------------
      4496        106          0          4          0       2844   Library Totals

    ----------------------------------------------------------------------

==============================================================================


      Code (inc. data)   RO Data    RW Data    ZI Data      Debug   

     13188       1324        336        192       7552     336260   Grand Totals
     13188       1324        336        192       7552     336260   ELF Image Totals
     13188       1324        336        192          0          0   ROM Totals

==============================================================================

    Total RO  Size (Code + RO Data)                13524 (  13.21kB)
    Total RW  Size (RW Data + ZI Data)              7744 (   7.56kB)
    Total ROM Size (Code + RO Data + RW Data)      13716 (  13.39kB)

==============================================================================

